Command line invocation:
    /Applications/Xcode.app/Contents/Developer/usr/bin/xcodebuild -scheme LearnCI -destination generic/platform=iOS build

Resolve Package Graph


Resolved source packages:
  Supabase: https://github.com/supabase-community/supabase-swift @ 2.39.0
  GoogleUtilities: https://github.com/google/GoogleUtilities.git @ 8.1.0
  AppCheck: https://github.com/google/app-check.git @ 11.2.0
  GTMSessionFetcher: https://github.com/google/gtm-session-fetcher.git @ 3.5.0
  AppAuth: https://github.com/openid/AppAuth-iOS.git @ 2.0.0
  GTMAppAuth: https://github.com/google/GTMAppAuth.git @ 5.0.0
  swift-concurrency-extras: https://github.com/pointfreeco/swift-concurrency-extras @ 1.3.2
  GoogleSignIn: https://github.com/google/GoogleSignIn-iOS @ 9.0.0
  Promises: https://github.com/google/promises.git @ 2.4.0
  swift-asn1: https://github.com/apple/swift-asn1.git @ 1.5.1
  xctest-dynamic-overlay: https://github.com/pointfreeco/xctest-dynamic-overlay @ 1.8.0
  swift-http-types: https://github.com/apple/swift-http-types.git @ 1.5.1
  swift-crypto: https://github.com/apple/swift-crypto.git @ 4.2.0
  swift-clocks: https://github.com/pointfreeco/swift-clocks @ 1.0.6

2026-02-16 14:58:42.847 xcodebuild[41623:13052735] [MT] IDERunDestination: Supported platforms for the buildables in the current scheme is empty.
ComputePackagePrebuildTargetDependencyGraph

Prepare packages

CreateBuildRequest

SendProjectDescription

CreateBuildOperation

ComputeTargetDependencyGraph
note: Building targets in dependency order
note: Target dependency graph (60 targets)
    Target 'LearnCI' in project 'LearnCI'
        ➜ Explicit dependency on target 'GoogleSignIn' in project 'GoogleSignIn'
        ➜ Explicit dependency on target 'GoogleSignInSwift' in project 'GoogleSignIn'
        ➜ Explicit dependency on target 'Storage' in project 'Supabase'
        ➜ Explicit dependency on target 'Functions' in project 'Supabase'
        ➜ Explicit dependency on target 'Supabase' in project 'Supabase'
        ➜ Explicit dependency on target 'Realtime' in project 'Supabase'
        ➜ Explicit dependency on target 'Auth' in project 'Supabase'
        ➜ Explicit dependency on target 'PostgREST' in project 'Supabase'
    Target 'PostgREST' in project 'Supabase'
        ➜ Explicit dependency on target 'PostgREST' in project 'Supabase'
        ➜ Explicit dependency on target 'Helpers' in project 'Supabase'
        ➜ Explicit dependency on target 'ConcurrencyExtras' in project 'swift-concurrency-extras'
        ➜ Explicit dependency on target 'HTTPTypes' in project 'swift-http-types'
        ➜ Explicit dependency on target 'Clocks' in project 'swift-clocks'
        ➜ Explicit dependency on target 'XCTestDynamicOverlay' in project 'xctest-dynamic-overlay'
    Target 'Auth' in project 'Supabase'
        ➜ Explicit dependency on target 'Auth' in project 'Supabase'
        ➜ Explicit dependency on target 'Helpers' in project 'Supabase'
        ➜ Explicit dependency on target 'ConcurrencyExtras' in project 'swift-concurrency-extras'
        ➜ Explicit dependency on target 'HTTPTypes' in project 'swift-http-types'
        ➜ Explicit dependency on target 'Clocks' in project 'swift-clocks'
        ➜ Explicit dependency on target 'XCTestDynamicOverlay' in project 'xctest-dynamic-overlay'
        ➜ Explicit dependency on target 'Crypto' in project 'swift-crypto'
    Target 'Realtime' in project 'Supabase'
        ➜ Explicit dependency on target 'Realtime' in project 'Supabase'
        ➜ Explicit dependency on target 'Helpers' in project 'Supabase'
        ➜ Explicit dependency on target 'ConcurrencyExtras' in project 'swift-concurrency-extras'
        ➜ Explicit dependency on target 'HTTPTypes' in project 'swift-http-types'
        ➜ Explicit dependency on target 'Clocks' in project 'swift-clocks'
        ➜ Explicit dependency on target 'XCTestDynamicOverlay' in project 'xctest-dynamic-overlay'
        ➜ Explicit dependency on target 'IssueReporting' in project 'xctest-dynamic-overlay'
    Target 'Supabase' in project 'Supabase'
        ➜ Explicit dependency on target 'Supabase' in project 'Supabase'
        ➜ Explicit dependency on target 'Functions' in project 'Supabase'
        ➜ Explicit dependency on target 'PostgREST' in project 'Supabase'
        ➜ Explicit dependency on target 'Auth' in project 'Supabase'
        ➜ Explicit dependency on target 'Realtime' in project 'Supabase'
        ➜ Explicit dependency on target 'Storage' in project 'Supabase'
        ➜ Explicit dependency on target 'Helpers' in project 'Supabase'
        ➜ Explicit dependency on target 'ConcurrencyExtras' in project 'swift-concurrency-extras'
        ➜ Explicit dependency on target 'HTTPTypes' in project 'swift-http-types'
        ➜ Explicit dependency on target 'Clocks' in project 'swift-clocks'
        ➜ Explicit dependency on target 'XCTestDynamicOverlay' in project 'xctest-dynamic-overlay'
        ➜ Explicit dependency on target 'Crypto' in project 'swift-crypto'
        ➜ Explicit dependency on target 'IssueReporting' in project 'xctest-dynamic-overlay'
    Target 'Supabase' in project 'Supabase'
        ➜ Explicit dependency on target 'Helpers' in project 'Supabase'
        ➜ Explicit dependency on target 'Auth' in project 'Supabase'
        ➜ Explicit dependency on target 'Functions' in project 'Supabase'
        ➜ Explicit dependency on target 'PostgREST' in project 'Supabase'
        ➜ Explicit dependency on target 'Realtime' in project 'Supabase'
        ➜ Explicit dependency on target 'Storage' in project 'Supabase'
        ➜ Explicit dependency on target 'ConcurrencyExtras' in project 'swift-concurrency-extras'
        ➜ Explicit dependency on target 'HTTPTypes' in project 'swift-http-types'
        ➜ Explicit dependency on target 'Clocks' in project 'swift-clocks'
        ➜ Explicit dependency on target 'XCTestDynamicOverlay' in project 'xctest-dynamic-overlay'
        ➜ Explicit dependency on target 'Crypto' in project 'swift-crypto'
        ➜ Explicit dependency on target 'IssueReporting' in project 'xctest-dynamic-overlay'
    Target 'Realtime' in project 'Supabase'
        ➜ Explicit dependency on target 'Helpers' in project 'Supabase'
        ➜ Explicit dependency on target 'ConcurrencyExtras' in project 'swift-concurrency-extras'
        ➜ Explicit dependency on target 'HTTPTypes' in project 'swift-http-types'
        ➜ Explicit dependency on target 'Clocks' in project 'swift-clocks'
        ➜ Explicit dependency on target 'XCTestDynamicOverlay' in project 'xctest-dynamic-overlay'
        ➜ Explicit dependency on target 'IssueReporting' in project 'xctest-dynamic-overlay'
    Target 'PostgREST' in project 'Supabase'
        ➜ Explicit dependency on target 'Helpers' in project 'Supabase'
        ➜ Explicit dependency on target 'ConcurrencyExtras' in project 'swift-concurrency-extras'
        ➜ Explicit dependency on target 'HTTPTypes' in project 'swift-http-types'
        ➜ Explicit dependency on target 'Clocks' in project 'swift-clocks'
        ➜ Explicit dependency on target 'XCTestDynamicOverlay' in project 'xctest-dynamic-overlay'
    Target 'Auth' in project 'Supabase'
        ➜ Explicit dependency on target 'Helpers' in project 'Supabase'
        ➜ Explicit dependency on target 'ConcurrencyExtras' in project 'swift-concurrency-extras'
        ➜ Explicit dependency on target 'HTTPTypes' in project 'swift-http-types'
        ➜ Explicit dependency on target 'Clocks' in project 'swift-clocks'
        ➜ Explicit dependency on target 'XCTestDynamicOverlay' in project 'xctest-dynamic-overlay'
        ➜ Explicit dependency on target 'Crypto' in project 'swift-crypto'
    Target 'Crypto' in project 'swift-crypto'
        ➜ Explicit dependency on target 'Crypto' in project 'swift-crypto'
        ➜ Explicit dependency on target 'swift-crypto_Crypto' in project 'swift-crypto'
    Target 'Crypto' in project 'swift-crypto'
        ➜ Explicit dependency on target 'swift-crypto_Crypto' in project 'swift-crypto'
    Target 'swift-crypto_Crypto' in project 'swift-crypto' (no dependencies)
    Target 'Functions' in project 'Supabase'
        ➜ Explicit dependency on target 'Functions' in project 'Supabase'
        ➜ Explicit dependency on target 'Helpers' in project 'Supabase'
        ➜ Explicit dependency on target 'ConcurrencyExtras' in project 'swift-concurrency-extras'
        ➜ Explicit dependency on target 'HTTPTypes' in project 'swift-http-types'
        ➜ Explicit dependency on target 'Clocks' in project 'swift-clocks'
        ➜ Explicit dependency on target 'XCTestDynamicOverlay' in project 'xctest-dynamic-overlay'
    Target 'Functions' in project 'Supabase'
        ➜ Explicit dependency on target 'Helpers' in project 'Supabase'
        ➜ Explicit dependency on target 'ConcurrencyExtras' in project 'swift-concurrency-extras'
        ➜ Explicit dependency on target 'HTTPTypes' in project 'swift-http-types'
        ➜ Explicit dependency on target 'Clocks' in project 'swift-clocks'
        ➜ Explicit dependency on target 'XCTestDynamicOverlay' in project 'xctest-dynamic-overlay'
    Target 'Storage' in project 'Supabase'
        ➜ Explicit dependency on target 'Storage' in project 'Supabase'
        ➜ Explicit dependency on target 'Helpers' in project 'Supabase'
        ➜ Explicit dependency on target 'ConcurrencyExtras' in project 'swift-concurrency-extras'
        ➜ Explicit dependency on target 'HTTPTypes' in project 'swift-http-types'
        ➜ Explicit dependency on target 'Clocks' in project 'swift-clocks'
        ➜ Explicit dependency on target 'XCTestDynamicOverlay' in project 'xctest-dynamic-overlay'
    Target 'Storage' in project 'Supabase'
        ➜ Explicit dependency on target 'Helpers' in project 'Supabase'
        ➜ Explicit dependency on target 'ConcurrencyExtras' in project 'swift-concurrency-extras'
        ➜ Explicit dependency on target 'HTTPTypes' in project 'swift-http-types'
        ➜ Explicit dependency on target 'Clocks' in project 'swift-clocks'
        ➜ Explicit dependency on target 'XCTestDynamicOverlay' in project 'xctest-dynamic-overlay'
    Target 'Helpers' in project 'Supabase'
        ➜ Explicit dependency on target 'ConcurrencyExtras' in project 'swift-concurrency-extras'
        ➜ Explicit dependency on target 'HTTPTypes' in project 'swift-http-types'
        ➜ Explicit dependency on target 'Clocks' in project 'swift-clocks'
        ➜ Explicit dependency on target 'XCTestDynamicOverlay' in project 'xctest-dynamic-overlay'
    Target 'XCTestDynamicOverlay' in project 'xctest-dynamic-overlay'
        ➜ Explicit dependency on target 'XCTestDynamicOverlay' in project 'xctest-dynamic-overlay'
        ➜ Explicit dependency on target 'IssueReportingPackageSupport' in project 'xctest-dynamic-overlay'
        ➜ Explicit dependency on target 'IssueReporting' in project 'xctest-dynamic-overlay'
    Target 'XCTestDynamicOverlay' in project 'xctest-dynamic-overlay'
        ➜ Explicit dependency on target 'IssueReportingPackageSupport' in project 'xctest-dynamic-overlay'
        ➜ Explicit dependency on target 'IssueReporting' in project 'xctest-dynamic-overlay'
    Target 'Clocks' in project 'swift-clocks'
        ➜ Explicit dependency on target 'Clocks' in project 'swift-clocks'
        ➜ Explicit dependency on target 'ConcurrencyExtras' in project 'swift-concurrency-extras'
        ➜ Explicit dependency on target 'IssueReporting' in project 'xctest-dynamic-overlay'
    Target 'Clocks' in project 'swift-clocks'
        ➜ Explicit dependency on target 'ConcurrencyExtras' in project 'swift-concurrency-extras'
        ➜ Explicit dependency on target 'IssueReporting' in project 'xctest-dynamic-overlay'
    Target 'IssueReporting' in project 'xctest-dynamic-overlay'
        ➜ Explicit dependency on target 'IssueReporting' in project 'xctest-dynamic-overlay'
        ➜ Explicit dependency on target 'IssueReportingPackageSupport' in project 'xctest-dynamic-overlay'
    Target 'IssueReporting' in project 'xctest-dynamic-overlay'
        ➜ Explicit dependency on target 'IssueReportingPackageSupport' in project 'xctest-dynamic-overlay'
    Target 'IssueReportingPackageSupport' in project 'xctest-dynamic-overlay' (no dependencies)
    Target 'HTTPTypes' in project 'swift-http-types'
        ➜ Explicit dependency on target 'HTTPTypes' in project 'swift-http-types'
    Target 'HTTPTypes' in project 'swift-http-types' (no dependencies)
    Target 'ConcurrencyExtras' in project 'swift-concurrency-extras'
        ➜ Explicit dependency on target 'ConcurrencyExtras' in project 'swift-concurrency-extras'
    Target 'ConcurrencyExtras' in project 'swift-concurrency-extras' (no dependencies)
    Target 'GoogleSignInSwift' in project 'GoogleSignIn'
        ➜ Explicit dependency on target 'GoogleSignInSwift' in project 'GoogleSignIn'
        ➜ Explicit dependency on target 'GoogleSignIn_GoogleSignInSwift' in project 'GoogleSignIn'
        ➜ Explicit dependency on target 'GoogleSignIn' in project 'GoogleSignIn'
        ➜ Explicit dependency on target 'AppAuth' in project 'AppAuth'
        ➜ Explicit dependency on target 'AppAuthCore' in project 'AppAuth'
        ➜ Explicit dependency on target 'AppCheckCore' in project 'AppCheck'
        ➜ Explicit dependency on target 'GTMAppAuth' in project 'GTMAppAuth'
        ➜ Explicit dependency on target 'GTMSessionFetcherCore' in project 'GTMSessionFetcher'
    Target 'GoogleSignInSwift' in project 'GoogleSignIn'
        ➜ Explicit dependency on target 'GoogleSignIn_GoogleSignInSwift' in project 'GoogleSignIn'
        ➜ Explicit dependency on target 'GoogleSignIn' in project 'GoogleSignIn'
        ➜ Explicit dependency on target 'AppAuth' in project 'AppAuth'
        ➜ Explicit dependency on target 'AppAuthCore' in project 'AppAuth'
        ➜ Explicit dependency on target 'AppCheckCore' in project 'AppCheck'
        ➜ Explicit dependency on target 'GTMAppAuth' in project 'GTMAppAuth'
        ➜ Explicit dependency on target 'GTMSessionFetcherCore' in project 'GTMSessionFetcher'
    Target 'GoogleSignIn_GoogleSignInSwift' in project 'GoogleSignIn' (no dependencies)
    Target 'GoogleSignIn' in project 'GoogleSignIn'
        ➜ Explicit dependency on target 'GoogleSignIn' in project 'GoogleSignIn'
        ➜ Explicit dependency on target 'GoogleSignIn_GoogleSignIn' in project 'GoogleSignIn'
        ➜ Explicit dependency on target 'AppAuth' in project 'AppAuth'
        ➜ Explicit dependency on target 'AppAuthCore' in project 'AppAuth'
        ➜ Explicit dependency on target 'AppCheckCore' in project 'AppCheck'
        ➜ Explicit dependency on target 'GTMAppAuth' in project 'GTMAppAuth'
        ➜ Explicit dependency on target 'GTMSessionFetcherCore' in project 'GTMSessionFetcher'
    Target 'GoogleSignIn' in project 'GoogleSignIn'
        ➜ Explicit dependency on target 'GoogleSignIn_GoogleSignIn' in project 'GoogleSignIn'
        ➜ Explicit dependency on target 'AppAuth' in project 'AppAuth'
        ➜ Explicit dependency on target 'AppAuthCore' in project 'AppAuth'
        ➜ Explicit dependency on target 'AppCheckCore' in project 'AppCheck'
        ➜ Explicit dependency on target 'GTMAppAuth' in project 'GTMAppAuth'
        ➜ Explicit dependency on target 'GTMSessionFetcherCore' in project 'GTMSessionFetcher'
    Target 'GTMAppAuth' in project 'GTMAppAuth'
        ➜ Explicit dependency on target 'GTMAppAuth' in project 'GTMAppAuth'
        ➜ Explicit dependency on target 'GTMAppAuth_GTMAppAuth' in project 'GTMAppAuth'
        ➜ Explicit dependency on target 'GTMSessionFetcherCore' in project 'GTMSessionFetcher'
        ➜ Explicit dependency on target 'AppAuthCore' in project 'AppAuth'
    Target 'GTMAppAuth' in project 'GTMAppAuth'
        ➜ Explicit dependency on target 'GTMAppAuth_GTMAppAuth' in project 'GTMAppAuth'
        ➜ Explicit dependency on target 'GTMSessionFetcherCore' in project 'GTMSessionFetcher'
        ➜ Explicit dependency on target 'AppAuthCore' in project 'AppAuth'
    Target 'GTMSessionFetcherCore' in project 'GTMSessionFetcher'
        ➜ Explicit dependency on target 'GTMSessionFetcherCore' in project 'GTMSessionFetcher'
        ➜ Explicit dependency on target 'GTMSessionFetcher_GTMSessionFetcherCore' in project 'GTMSessionFetcher'
    Target 'GTMSessionFetcherCore' in project 'GTMSessionFetcher'
        ➜ Explicit dependency on target 'GTMSessionFetcher_GTMSessionFetcherCore' in project 'GTMSessionFetcher'
    Target 'GTMSessionFetcher_GTMSessionFetcherCore' in project 'GTMSessionFetcher' (no dependencies)
    Target 'GTMAppAuth_GTMAppAuth' in project 'GTMAppAuth' (no dependencies)
    Target 'AppCheckCore' in project 'AppCheck'
        ➜ Explicit dependency on target 'AppCheckCore' in project 'AppCheck'
        ➜ Explicit dependency on target 'FBLPromises' in project 'Promises'
        ➜ Explicit dependency on target 'GULEnvironment' in project 'GoogleUtilities'
        ➜ Explicit dependency on target 'GULUserDefaults' in project 'GoogleUtilities'
    Target 'AppCheckCore' in project 'AppCheck'
        ➜ Explicit dependency on target 'FBLPromises' in project 'Promises'
        ➜ Explicit dependency on target 'GULEnvironment' in project 'GoogleUtilities'
        ➜ Explicit dependency on target 'GULUserDefaults' in project 'GoogleUtilities'
    Target 'GULUserDefaults' in project 'GoogleUtilities'
        ➜ Explicit dependency on target 'GoogleUtilities-UserDefaults' in project 'GoogleUtilities'
        ➜ Explicit dependency on target 'GoogleUtilities_GoogleUtilities-UserDefaults' in project 'GoogleUtilities'
        ➜ Explicit dependency on target 'third-party-IsAppEncrypted' in project 'GoogleUtilities'
        ➜ Explicit dependency on target 'GoogleUtilities-Environment' in project 'GoogleUtilities'
        ➜ Explicit dependency on target 'GoogleUtilities-Logger' in project 'GoogleUtilities'
    Target 'GoogleUtilities-UserDefaults' in project 'GoogleUtilities'
        ➜ Explicit dependency on target 'GoogleUtilities_GoogleUtilities-UserDefaults' in project 'GoogleUtilities'
        ➜ Explicit dependency on target 'third-party-IsAppEncrypted' in project 'GoogleUtilities'
        ➜ Explicit dependency on target 'GoogleUtilities-Environment' in project 'GoogleUtilities'
        ➜ Explicit dependency on target 'GoogleUtilities-Logger' in project 'GoogleUtilities'
    Target 'GoogleUtilities-Logger' in project 'GoogleUtilities'
        ➜ Explicit dependency on target 'GoogleUtilities_GoogleUtilities-Logger' in project 'GoogleUtilities'
        ➜ Explicit dependency on target 'third-party-IsAppEncrypted' in project 'GoogleUtilities'
        ➜ Explicit dependency on target 'GoogleUtilities-Environment' in project 'GoogleUtilities'
    Target 'GoogleUtilities_GoogleUtilities-Logger' in project 'GoogleUtilities' (no dependencies)
    Target 'GoogleUtilities_GoogleUtilities-UserDefaults' in project 'GoogleUtilities' (no dependencies)
    Target 'GULEnvironment' in project 'GoogleUtilities'
        ➜ Explicit dependency on target 'GoogleUtilities-Environment' in project 'GoogleUtilities'
        ➜ Explicit dependency on target 'GoogleUtilities_GoogleUtilities-Environment' in project 'GoogleUtilities'
        ➜ Explicit dependency on target 'third-party-IsAppEncrypted' in project 'GoogleUtilities'
    Target 'GoogleUtilities-Environment' in project 'GoogleUtilities'
        ➜ Explicit dependency on target 'GoogleUtilities_GoogleUtilities-Environment' in project 'GoogleUtilities'
        ➜ Explicit dependency on target 'third-party-IsAppEncrypted' in project 'GoogleUtilities'
    Target 'third-party-IsAppEncrypted' in project 'GoogleUtilities' (no dependencies)
    Target 'GoogleUtilities_GoogleUtilities-Environment' in project 'GoogleUtilities' (no dependencies)
    Target 'FBLPromises' in project 'Promises'
        ➜ Explicit dependency on target 'FBLPromises' in project 'Promises'
        ➜ Explicit dependency on target 'Promises_FBLPromises' in project 'Promises'
    Target 'FBLPromises' in project 'Promises'
        ➜ Explicit dependency on target 'Promises_FBLPromises' in project 'Promises'
    Target 'Promises_FBLPromises' in project 'Promises' (no dependencies)
    Target 'AppAuthCore' in project 'AppAuth'
        ➜ Explicit dependency on target 'AppAuthCore' in project 'AppAuth'
        ➜ Explicit dependency on target 'AppAuth_AppAuthCore' in project 'AppAuth'
    Target 'AppAuth' in project 'AppAuth'
        ➜ Explicit dependency on target 'AppAuth' in project 'AppAuth'
        ➜ Explicit dependency on target 'AppAuth_AppAuth' in project 'AppAuth'
        ➜ Explicit dependency on target 'AppAuthCore' in project 'AppAuth'
    Target 'AppAuth' in project 'AppAuth'
        ➜ Explicit dependency on target 'AppAuth_AppAuth' in project 'AppAuth'
        ➜ Explicit dependency on target 'AppAuthCore' in project 'AppAuth'
    Target 'AppAuthCore' in project 'AppAuth'
        ➜ Explicit dependency on target 'AppAuth_AppAuthCore' in project 'AppAuth'
    Target 'AppAuth_AppAuthCore' in project 'AppAuth' (no dependencies)
    Target 'AppAuth_AppAuth' in project 'AppAuth' (no dependencies)
    Target 'GoogleSignIn_GoogleSignIn' in project 'GoogleSignIn' (no dependencies)

GatherProvisioningInputs

CreateBuildDescription

ExecuteExternalTool /Applications/Xcode.app/Contents/Developer/Toolchains/XcodeDefault.xctoolchain/usr/bin/clang -v -E -dM -arch arm64 -isysroot /Applications/Xcode.app/Contents/Developer/Platforms/iPhoneOS.platform/Developer/SDKs/iPhoneOS26.2.sdk -x objective-c -c /dev/null

ExecuteExternalTool /Applications/Xcode.app/Contents/Developer/Toolchains/XcodeDefault.xctoolchain/usr/bin/swiftc --version

ExecuteExternalTool /Applications/Xcode.app/Contents/Developer/Toolchains/XcodeDefault.xctoolchain/usr/bin/clang -v -E -dM -isysroot /Applications/Xcode.app/Contents/Developer/Platforms/iPhoneOS.platform/Developer/SDKs/iPhoneOS26.2.sdk -x c -c /dev/null

ExecuteExternalTool /Applications/Xcode.app/Contents/Developer/Toolchains/XcodeDefault.xctoolchain/usr/bin/clang -v -E -dM -arch arm64 -isysroot /Applications/Xcode.app/Contents/Developer/Platforms/iPhoneOS.platform/Developer/SDKs/iPhoneOS26.2.sdk -x c -c /dev/null

ExecuteExternalTool /Applications/Xcode.app/Contents/Developer/Toolchains/XcodeDefault.xctoolchain/usr/bin/ld -version_details

ExecuteExternalTool /Applications/Xcode.app/Contents/Developer/usr/bin/actool --print-asset-tag-combinations --output-format xml1 /Users/alanglass/_dev_local/Learn Comp Input/LearnCI/LearnCI/Assets.xcassets

ReadFileContents /Applications/Xcode.app/Contents/Developer/Toolchains/XcodeDefault.xctoolchain/usr/share/docc/features.json

ExecuteExternalTool /Applications/Xcode.app/Contents/Developer/usr/bin/actool --version --output-format xml1

Build description signature: 2a050592985556e172cc101985cf21d1
Build description path: /Users/alanglass/Library/Developer/Xcode/DerivedData/LearnCI-gbqlyaxdnynhtcdzrqbhrloswnre/Build/Intermediates.noindex/XCBuildData/2a050592985556e172cc101985cf21d1.xcbuilddata
ClangStatCache /Applications/Xcode.app/Contents/Developer/Toolchains/XcodeDefault.xctoolchain/usr/bin/clang-stat-cache /Applications/Xcode.app/Contents/Developer/Platforms/iPhoneOS.platform/Developer/SDKs/iPhoneOS26.2.sdk /Users/alanglass/Library/Developer/Xcode/DerivedData/SDKStatCaches.noindex/iphoneos26.2-23C53-3794476bd08197c3e2abd9bb477ef7f7.sdkstatcache
    cd /Users/alanglass/_dev_local/Learn\ Comp\ Input/LearnCI/LearnCI.xcodeproj
    /Applications/Xcode.app/Contents/Developer/Toolchains/XcodeDefault.xctoolchain/usr/bin/clang-stat-cache /Applications/Xcode.app/Contents/Developer/Platforms/iPhoneOS.platform/Developer/SDKs/iPhoneOS26.2.sdk -o /Users/alanglass/Library/Developer/Xcode/DerivedData/SDKStatCaches.noindex/iphoneos26.2-23C53-3794476bd08197c3e2abd9bb477ef7f7.sdkstatcache

ProcessProductPackaging "" /Users/alanglass/Library/Developer/Xcode/DerivedData/LearnCI-gbqlyaxdnynhtcdzrqbhrloswnre/Build/Intermediates.noindex/LearnCI.build/Debug-iphoneos/LearnCI.build/LearnCI.app.xcent (in target 'LearnCI' from project 'LearnCI')
    cd /Users/alanglass/_dev_local/Learn\ Comp\ Input/LearnCI
    
    Entitlements:
    
    {
    "application-identifier" = "E8QJP225V8.com.sankofaplex.LearnCI";
    "com.apple.developer.team-identifier" = E8QJP225V8;
    "get-task-allow" = 1;
}
    
    builtin-productPackagingUtility -entitlements -format xml -o /Users/alanglass/Library/Developer/Xcode/DerivedData/LearnCI-gbqlyaxdnynhtcdzrqbhrloswnre/Build/Intermediates.noindex/LearnCI.build/Debug-iphoneos/LearnCI.build/LearnCI.app.xcent

ProcessInfoPlistFile /Users/alanglass/Library/Developer/Xcode/DerivedData/LearnCI-gbqlyaxdnynhtcdzrqbhrloswnre/Build/Products/Debug-iphoneos/swift-crypto_Crypto.bundle/Info.plist /Users/alanglass/Library/Developer/Xcode/DerivedData/LearnCI-gbqlyaxdnynhtcdzrqbhrloswnre/Build/Intermediates.noindex/swift-crypto.build/Debug-iphoneos/swift-crypto_Crypto.build/empty-swift-crypto_Crypto.plist (in target 'swift-crypto_Crypto' from project 'swift-crypto')
    cd /Users/alanglass/Library/Developer/Xcode/DerivedData/LearnCI-gbqlyaxdnynhtcdzrqbhrloswnre/SourcePackages/checkouts/swift-crypto
    builtin-infoPlistUtility /Users/alanglass/Library/Developer/Xcode/DerivedData/LearnCI-gbqlyaxdnynhtcdzrqbhrloswnre/Build/Intermediates.noindex/swift-crypto.build/Debug-iphoneos/swift-crypto_Crypto.build/empty-swift-crypto_Crypto.plist -producttype com.apple.product-type.bundle -expandbuildsettings -format binary -platform iphoneos -requiredArchitecture arm64 -o /Users/alanglass/Library/Developer/Xcode/DerivedData/LearnCI-gbqlyaxdnynhtcdzrqbhrloswnre/Build/Products/Debug-iphoneos/swift-crypto_Crypto.bundle/Info.plist

ProcessInfoPlistFile /Users/alanglass/Library/Developer/Xcode/DerivedData/LearnCI-gbqlyaxdnynhtcdzrqbhrloswnre/Build/Products/Debug-iphoneos/GoogleUtilities_GoogleUtilities-UserDefaults.bundle/Info.plist /Users/alanglass/Library/Developer/Xcode/DerivedData/LearnCI-gbqlyaxdnynhtcdzrqbhrloswnre/Build/Intermediates.noindex/GoogleUtilities.build/Debug-iphoneos/GoogleUtilities_GoogleUtilities-UserDefaults.build/empty-GoogleUtilities_GoogleUtilities-UserDefaults.plist (in target 'GoogleUtilities_GoogleUtilities-UserDefaults' from project 'GoogleUtilities')
    cd /Users/alanglass/Library/Developer/Xcode/DerivedData/LearnCI-gbqlyaxdnynhtcdzrqbhrloswnre/SourcePackages/checkouts/GoogleUtilities
    builtin-infoPlistUtility /Users/alanglass/Library/Developer/Xcode/DerivedData/LearnCI-gbqlyaxdnynhtcdzrqbhrloswnre/Build/Intermediates.noindex/GoogleUtilities.build/Debug-iphoneos/GoogleUtilities_GoogleUtilities-UserDefaults.build/empty-GoogleUtilities_GoogleUtilities-UserDefaults.plist -producttype com.apple.product-type.bundle -expandbuildsettings -format binary -platform iphoneos -requiredArchitecture arm64 -o /Users/alanglass/Library/Developer/Xcode/DerivedData/LearnCI-gbqlyaxdnynhtcdzrqbhrloswnre/Build/Products/Debug-iphoneos/GoogleUtilities_GoogleUtilities-UserDefaults.bundle/Info.plist

ProcessInfoPlistFile /Users/alanglass/Library/Developer/Xcode/DerivedData/LearnCI-gbqlyaxdnynhtcdzrqbhrloswnre/Build/Products/Debug-iphoneos/GoogleUtilities_GoogleUtilities-Logger.bundle/Info.plist /Users/alanglass/Library/Developer/Xcode/DerivedData/LearnCI-gbqlyaxdnynhtcdzrqbhrloswnre/Build/Intermediates.noindex/GoogleUtilities.build/Debug-iphoneos/GoogleUtilities_GoogleUtilities-Logger.build/empty-GoogleUtilities_GoogleUtilities-Logger.plist (in target 'GoogleUtilities_GoogleUtilities-Logger' from project 'GoogleUtilities')
    cd /Users/alanglass/Library/Developer/Xcode/DerivedData/LearnCI-gbqlyaxdnynhtcdzrqbhrloswnre/SourcePackages/checkouts/GoogleUtilities
    builtin-infoPlistUtility /Users/alanglass/Library/Developer/Xcode/DerivedData/LearnCI-gbqlyaxdnynhtcdzrqbhrloswnre/Build/Intermediates.noindex/GoogleUtilities.build/Debug-iphoneos/GoogleUtilities_GoogleUtilities-Logger.build/empty-GoogleUtilities_GoogleUtilities-Logger.plist -producttype com.apple.product-type.bundle -expandbuildsettings -format binary -platform iphoneos -requiredArchitecture arm64 -o /Users/alanglass/Library/Developer/Xcode/DerivedData/LearnCI-gbqlyaxdnynhtcdzrqbhrloswnre/Build/Products/Debug-iphoneos/GoogleUtilities_GoogleUtilities-Logger.bundle/Info.plist

ProcessInfoPlistFile /Users/alanglass/Library/Developer/Xcode/DerivedData/LearnCI-gbqlyaxdnynhtcdzrqbhrloswnre/Build/Products/Debug-iphoneos/GoogleUtilities_GoogleUtilities-Environment.bundle/Info.plist /Users/alanglass/Library/Developer/Xcode/DerivedData/LearnCI-gbqlyaxdnynhtcdzrqbhrloswnre/Build/Intermediates.noindex/GoogleUtilities.build/Debug-iphoneos/GoogleUtilities_GoogleUtilities-Environment.build/empty-GoogleUtilities_GoogleUtilities-Environment.plist (in target 'GoogleUtilities_GoogleUtilities-Environment' from project 'GoogleUtilities')
    cd /Users/alanglass/Library/Developer/Xcode/DerivedData/LearnCI-gbqlyaxdnynhtcdzrqbhrloswnre/SourcePackages/checkouts/GoogleUtilities
    builtin-infoPlistUtility /Users/alanglass/Library/Developer/Xcode/DerivedData/LearnCI-gbqlyaxdnynhtcdzrqbhrloswnre/Build/Intermediates.noindex/GoogleUtilities.build/Debug-iphoneos/GoogleUtilities_GoogleUtilities-Environment.build/empty-GoogleUtilities_GoogleUtilities-Environment.plist -producttype com.apple.product-type.bundle -expandbuildsettings -format binary -platform iphoneos -requiredArchitecture arm64 -o /Users/alanglass/Library/Developer/Xcode/DerivedData/LearnCI-gbqlyaxdnynhtcdzrqbhrloswnre/Build/Products/Debug-iphoneos/GoogleUtilities_GoogleUtilities-Environment.bundle/Info.plist

ProcessInfoPlistFile /Users/alanglass/Library/Developer/Xcode/DerivedData/LearnCI-gbqlyaxdnynhtcdzrqbhrloswnre/Build/Products/Debug-iphoneos/GoogleSignIn_GoogleSignInSwift.bundle/Info.plist /Users/alanglass/Library/Developer/Xcode/DerivedData/LearnCI-gbqlyaxdnynhtcdzrqbhrloswnre/Build/Intermediates.noindex/GoogleSignIn.build/Debug-iphoneos/GoogleSignIn_GoogleSignInSwift.build/empty-GoogleSignIn_GoogleSignInSwift.plist (in target 'GoogleSignIn_GoogleSignInSwift' from project 'GoogleSignIn')
    cd /Users/alanglass/Library/Developer/Xcode/DerivedData/LearnCI-gbqlyaxdnynhtcdzrqbhrloswnre/SourcePackages/checkouts/GoogleSignIn-iOS
    builtin-infoPlistUtility /Users/alanglass/Library/Developer/Xcode/DerivedData/LearnCI-gbqlyaxdnynhtcdzrqbhrloswnre/Build/Intermediates.noindex/GoogleSignIn.build/Debug-iphoneos/GoogleSignIn_GoogleSignInSwift.build/empty-GoogleSignIn_GoogleSignInSwift.plist -producttype com.apple.product-type.bundle -expandbuildsettings -format binary -platform iphoneos -requiredArchitecture arm64 -o /Users/alanglass/Library/Developer/Xcode/DerivedData/LearnCI-gbqlyaxdnynhtcdzrqbhrloswnre/Build/Products/Debug-iphoneos/GoogleSignIn_GoogleSignInSwift.bundle/Info.plist

ProcessInfoPlistFile /Users/alanglass/Library/Developer/Xcode/DerivedData/LearnCI-gbqlyaxdnynhtcdzrqbhrloswnre/Build/Products/Debug-iphoneos/GoogleSignIn_GoogleSignIn.bundle/Info.plist /Users/alanglass/Library/Developer/Xcode/DerivedData/LearnCI-gbqlyaxdnynhtcdzrqbhrloswnre/Build/Intermediates.noindex/GoogleSignIn.build/Debug-iphoneos/GoogleSignIn_GoogleSignIn.build/empty-GoogleSignIn_GoogleSignIn.plist (in target 'GoogleSignIn_GoogleSignIn' from project 'GoogleSignIn')
    cd /Users/alanglass/Library/Developer/Xcode/DerivedData/LearnCI-gbqlyaxdnynhtcdzrqbhrloswnre/SourcePackages/checkouts/GoogleSignIn-iOS
    builtin-infoPlistUtility /Users/alanglass/Library/Developer/Xcode/DerivedData/LearnCI-gbqlyaxdnynhtcdzrqbhrloswnre/Build/Intermediates.noindex/GoogleSignIn.build/Debug-iphoneos/GoogleSignIn_GoogleSignIn.build/empty-GoogleSignIn_GoogleSignIn.plist -producttype com.apple.product-type.bundle -expandbuildsettings -format binary -platform iphoneos -requiredArchitecture arm64 -o /Users/alanglass/Library/Developer/Xcode/DerivedData/LearnCI-gbqlyaxdnynhtcdzrqbhrloswnre/Build/Products/Debug-iphoneos/GoogleSignIn_GoogleSignIn.bundle/Info.plist

ProcessInfoPlistFile /Users/alanglass/Library/Developer/Xcode/DerivedData/LearnCI-gbqlyaxdnynhtcdzrqbhrloswnre/Build/Products/Debug-iphoneos/GTMSessionFetcher_GTMSessionFetcherCore.bundle/Info.plist /Users/alanglass/Library/Developer/Xcode/DerivedData/LearnCI-gbqlyaxdnynhtcdzrqbhrloswnre/Build/Intermediates.noindex/GTMSessionFetcher.build/Debug-iphoneos/GTMSessionFetcher_GTMSessionFetcherCore.build/empty-GTMSessionFetcher_GTMSessionFetcherCore.plist (in target 'GTMSessionFetcher_GTMSessionFetcherCore' from project 'GTMSessionFetcher')
    cd /Users/alanglass/Library/Developer/Xcode/DerivedData/LearnCI-gbqlyaxdnynhtcdzrqbhrloswnre/SourcePackages/checkouts/gtm-session-fetcher
    builtin-infoPlistUtility /Users/alanglass/Library/Developer/Xcode/DerivedData/LearnCI-gbqlyaxdnynhtcdzrqbhrloswnre/Build/Intermediates.noindex/GTMSessionFetcher.build/Debug-iphoneos/GTMSessionFetcher_GTMSessionFetcherCore.build/empty-GTMSessionFetcher_GTMSessionFetcherCore.plist -producttype com.apple.product-type.bundle -expandbuildsettings -format binary -platform iphoneos -requiredArchitecture arm64 -o /Users/alanglass/Library/Developer/Xcode/DerivedData/LearnCI-gbqlyaxdnynhtcdzrqbhrloswnre/Build/Products/Debug-iphoneos/GTMSessionFetcher_GTMSessionFetcherCore.bundle/Info.plist

ProcessInfoPlistFile /Users/alanglass/Library/Developer/Xcode/DerivedData/LearnCI-gbqlyaxdnynhtcdzrqbhrloswnre/Build/Products/Debug-iphoneos/Promises_FBLPromises.bundle/Info.plist /Users/alanglass/Library/Developer/Xcode/DerivedData/LearnCI-gbqlyaxdnynhtcdzrqbhrloswnre/Build/Intermediates.noindex/Promises.build/Debug-iphoneos/Promises_FBLPromises.build/empty-Promises_FBLPromises.plist (in target 'Promises_FBLPromises' from project 'Promises')
    cd /Users/alanglass/Library/Developer/Xcode/DerivedData/LearnCI-gbqlyaxdnynhtcdzrqbhrloswnre/SourcePackages/checkouts/promises
    builtin-infoPlistUtility /Users/alanglass/Library/Developer/Xcode/DerivedData/LearnCI-gbqlyaxdnynhtcdzrqbhrloswnre/Build/Intermediates.noindex/Promises.build/Debug-iphoneos/Promises_FBLPromises.build/empty-Promises_FBLPromises.plist -producttype com.apple.product-type.bundle -expandbuildsettings -format binary -platform iphoneos -requiredArchitecture arm64 -o /Users/alanglass/Library/Developer/Xcode/DerivedData/LearnCI-gbqlyaxdnynhtcdzrqbhrloswnre/Build/Products/Debug-iphoneos/Promises_FBLPromises.bundle/Info.plist

ProcessInfoPlistFile /Users/alanglass/Library/Developer/Xcode/DerivedData/LearnCI-gbqlyaxdnynhtcdzrqbhrloswnre/Build/Products/Debug-iphoneos/GTMAppAuth_GTMAppAuth.bundle/Info.plist /Users/alanglass/Library/Developer/Xcode/DerivedData/LearnCI-gbqlyaxdnynhtcdzrqbhrloswnre/Build/Intermediates.noindex/GTMAppAuth.build/Debug-iphoneos/GTMAppAuth_GTMAppAuth.build/empty-GTMAppAuth_GTMAppAuth.plist (in target 'GTMAppAuth_GTMAppAuth' from project 'GTMAppAuth')
    cd /Users/alanglass/Library/Developer/Xcode/DerivedData/LearnCI-gbqlyaxdnynhtcdzrqbhrloswnre/SourcePackages/checkouts/GTMAppAuth
    builtin-infoPlistUtility /Users/alanglass/Library/Developer/Xcode/DerivedData/LearnCI-gbqlyaxdnynhtcdzrqbhrloswnre/Build/Intermediates.noindex/GTMAppAuth.build/Debug-iphoneos/GTMAppAuth_GTMAppAuth.build/empty-GTMAppAuth_GTMAppAuth.plist -producttype com.apple.product-type.bundle -expandbuildsettings -format binary -platform iphoneos -requiredArchitecture arm64 -o /Users/alanglass/Library/Developer/Xcode/DerivedData/LearnCI-gbqlyaxdnynhtcdzrqbhrloswnre/Build/Products/Debug-iphoneos/GTMAppAuth_GTMAppAuth.bundle/Info.plist

ProcessInfoPlistFile /Users/alanglass/Library/Developer/Xcode/DerivedData/LearnCI-gbqlyaxdnynhtcdzrqbhrloswnre/Build/Products/Debug-iphoneos/AppAuth_AppAuthCore.bundle/Info.plist /Users/alanglass/Library/Developer/Xcode/DerivedData/LearnCI-gbqlyaxdnynhtcdzrqbhrloswnre/Build/Intermediates.noindex/AppAuth.build/Debug-iphoneos/AppAuth_AppAuthCore.build/empty-AppAuth_AppAuthCore.plist (in target 'AppAuth_AppAuthCore' from project 'AppAuth')
    cd /Users/alanglass/Library/Developer/Xcode/DerivedData/LearnCI-gbqlyaxdnynhtcdzrqbhrloswnre/SourcePackages/checkouts/AppAuth-iOS
    builtin-infoPlistUtility /Users/alanglass/Library/Developer/Xcode/DerivedData/LearnCI-gbqlyaxdnynhtcdzrqbhrloswnre/Build/Intermediates.noindex/AppAuth.build/Debug-iphoneos/AppAuth_AppAuthCore.build/empty-AppAuth_AppAuthCore.plist -producttype com.apple.product-type.bundle -expandbuildsettings -format binary -platform iphoneos -requiredArchitecture arm64 -o /Users/alanglass/Library/Developer/Xcode/DerivedData/LearnCI-gbqlyaxdnynhtcdzrqbhrloswnre/Build/Products/Debug-iphoneos/AppAuth_AppAuthCore.bundle/Info.plist

ProcessInfoPlistFile /Users/alanglass/Library/Developer/Xcode/DerivedData/LearnCI-gbqlyaxdnynhtcdzrqbhrloswnre/Build/Products/Debug-iphoneos/AppAuth_AppAuth.bundle/Info.plist /Users/alanglass/Library/Developer/Xcode/DerivedData/LearnCI-gbqlyaxdnynhtcdzrqbhrloswnre/Build/Intermediates.noindex/AppAuth.build/Debug-iphoneos/AppAuth_AppAuth.build/empty-AppAuth_AppAuth.plist (in target 'AppAuth_AppAuth' from project 'AppAuth')
    cd /Users/alanglass/Library/Developer/Xcode/DerivedData/LearnCI-gbqlyaxdnynhtcdzrqbhrloswnre/SourcePackages/checkouts/AppAuth-iOS
    builtin-infoPlistUtility /Users/alanglass/Library/Developer/Xcode/DerivedData/LearnCI-gbqlyaxdnynhtcdzrqbhrloswnre/Build/Intermediates.noindex/AppAuth.build/Debug-iphoneos/AppAuth_AppAuth.build/empty-AppAuth_AppAuth.plist -producttype com.apple.product-type.bundle -expandbuildsettings -format binary -platform iphoneos -requiredArchitecture arm64 -o /Users/alanglass/Library/Developer/Xcode/DerivedData/LearnCI-gbqlyaxdnynhtcdzrqbhrloswnre/Build/Products/Debug-iphoneos/AppAuth_AppAuth.bundle/Info.plist

ProcessProductPackagingDER /Users/alanglass/Library/Developer/Xcode/DerivedData/LearnCI-gbqlyaxdnynhtcdzrqbhrloswnre/Build/Intermediates.noindex/LearnCI.build/Debug-iphoneos/LearnCI.build/LearnCI.app.xcent /Users/alanglass/Library/Developer/Xcode/DerivedData/LearnCI-gbqlyaxdnynhtcdzrqbhrloswnre/Build/Intermediates.noindex/LearnCI.build/Debug-iphoneos/LearnCI.build/LearnCI.app.xcent.der (in target 'LearnCI' from project 'LearnCI')
    cd /Users/alanglass/_dev_local/Learn\ Comp\ Input/LearnCI
    /usr/bin/derq query -f xml -i /Users/alanglass/Library/Developer/Xcode/DerivedData/LearnCI-gbqlyaxdnynhtcdzrqbhrloswnre/Build/Intermediates.noindex/LearnCI.build/Debug-iphoneos/LearnCI.build/LearnCI.app.xcent -o /Users/alanglass/Library/Developer/Xcode/DerivedData/LearnCI-gbqlyaxdnynhtcdzrqbhrloswnre/Build/Intermediates.noindex/LearnCI.build/Debug-iphoneos/LearnCI.build/LearnCI.app.xcent.der --raw

SwiftDriver LearnCI normal arm64 com.apple.xcode.tools.swift.compiler (in target 'LearnCI' from project 'LearnCI')
    cd /Users/alanglass/_dev_local/Learn\ Comp\ Input/LearnCI
    builtin-SwiftDriver -- /Applications/Xcode.app/Contents/Developer/Toolchains/XcodeDefault.xctoolchain/usr/bin/swiftc -module-name LearnCI -Onone -enforce-exclusivity\=checked @/Users/alanglass/Library/Developer/Xcode/DerivedData/LearnCI-gbqlyaxdnynhtcdzrqbhrloswnre/Build/Intermediates.noindex/LearnCI.build/Debug-iphoneos/LearnCI.build/Objects-normal/arm64/LearnCI.SwiftFileList -DDEBUG -Xcc -fmodule-map-file\=/Users/alanglass/Library/Developer/Xcode/DerivedData/LearnCI-gbqlyaxdnynhtcdzrqbhrloswnre/Build/Intermediates.noindex/GeneratedModuleMaps-iphoneos/AppAuth.modulemap -Xcc -fmodule-map-file\=/Users/alanglass/Library/Developer/Xcode/DerivedData/LearnCI-gbqlyaxdnynhtcdzrqbhrloswnre/Build/Intermediates.noindex/GeneratedModuleMaps-iphoneos/AppAuthCore.modulemap -Xcc -fmodule-map-file\=/Users/alanglass/Library/Developer/Xcode/DerivedData/LearnCI-gbqlyaxdnynhtcdzrqbhrloswnre/Build/Intermediates.noindex/GeneratedModuleMaps-iphoneos/GoogleUtilities-Logger.modulemap -Xcc -fmodule-map-file\=/Users/alanglass/Library/Developer/Xcode/DerivedData/LearnCI-gbqlyaxdnynhtcdzrqbhrloswnre/Build/Intermediates.noindex/GeneratedModuleMaps-iphoneos/GoogleUtilities-Environment.modulemap -Xcc -fmodule-map-file\=/Users/alanglass/Library/Developer/Xcode/DerivedData/LearnCI-gbqlyaxdnynhtcdzrqbhrloswnre/Build/Intermediates.noindex/GeneratedModuleMaps-iphoneos/third-party-IsAppEncrypted.modulemap -Xcc -fmodule-map-file\=/Users/alanglass/Library/Developer/Xcode/DerivedData/LearnCI-gbqlyaxdnynhtcdzrqbhrloswnre/Build/Intermediates.noindex/GeneratedModuleMaps-iphoneos/GoogleUtilities-UserDefaults.modulemap -Xcc -fmodule-map-file\=/Users/alanglass/Library/Developer/Xcode/DerivedData/LearnCI-gbqlyaxdnynhtcdzrqbhrloswnre/Build/Intermediates.noindex/GeneratedModuleMaps-iphoneos/AppCheckCore.modulemap -Xcc -fmodule-map-file\=/Users/alanglass/Library/Developer/Xcode/DerivedData/LearnCI-gbqlyaxdnynhtcdzrqbhrloswnre/Build/Intermediates.noindex/GeneratedModuleMaps-iphoneos/GTMSessionFetcherCore.modulemap -Xcc -fmodule-map-file\=/Users/alanglass/Library/Developer/Xcode/DerivedData/LearnCI-gbqlyaxdnynhtcdzrqbhrloswnre/Build/Intermediates.noindex/GeneratedModuleMaps-iphoneos/GoogleSignIn.modulemap -default-isolation\=MainActor -enable-bare-slash-regex -enable-upcoming-feature DisableOutwardActorInference -enable-upcoming-feature InferSendableFromCaptures -enable-upcoming-feature GlobalActorIsolatedTypesUsability -enable-upcoming-feature MemberImportVisibility -enable-upcoming-feature InferIsolatedConformances -enable-upcoming-feature NonisolatedNonsendingByDefault -enable-experimental-feature DebugDescriptionMacro -sdk /Applications/Xcode.app/Contents/Developer/Platforms/iPhoneOS.platform/Developer/SDKs/iPhoneOS26.2.sdk -target arm64-apple-ios26.2 -g -module-cache-path /Users/alanglass/Library/Developer/Xcode/DerivedData/ModuleCache.noindex -Xfrontend -serialize-debugging-options -enable-testing -index-store-path /Users/alanglass/Library/Developer/Xcode/DerivedData/LearnCI-gbqlyaxdnynhtcdzrqbhrloswnre/Index.noindex/DataStore -Xcc -D_LIBCPP_HARDENING_MODE\=_LIBCPP_HARDENING_MODE_DEBUG -swift-version 5 -I /Users/alanglass/Library/Developer/Xcode/DerivedData/LearnCI-gbqlyaxdnynhtcdzrqbhrloswnre/Build/Products/Debug-iphoneos -F /Users/alanglass/Library/Developer/Xcode/DerivedData/LearnCI-gbqlyaxdnynhtcdzrqbhrloswnre/Build/Products/Debug-iphoneos/PackageFrameworks -F /Users/alanglass/Library/Developer/Xcode/DerivedData/LearnCI-gbqlyaxdnynhtcdzrqbhrloswnre/Build/Products/Debug-iphoneos/PackageFrameworks -F /Users/alanglass/Library/Developer/Xcode/DerivedData/LearnCI-gbqlyaxdnynhtcdzrqbhrloswnre/Build/Products/Debug-iphoneos/PackageFrameworks -F /Users/alanglass/Library/Developer/Xcode/DerivedData/LearnCI-gbqlyaxdnynhtcdzrqbhrloswnre/Build/Products/Debug-iphoneos/PackageFrameworks -F /Users/alanglass/Library/Developer/Xcode/DerivedData/LearnCI-gbqlyaxdnynhtcdzrqbhrloswnre/Build/Products/Debug-iphoneos/PackageFrameworks -F /Users/alanglass/Library/Developer/Xcode/DerivedData/LearnCI-gbqlyaxdnynhtcdzrqbhrloswnre/Build/Products/Debug-iphoneos/PackageFrameworks -F /Users/alanglass/Library/Developer/Xcode/DerivedData/LearnCI-gbqlyaxdnynhtcdzrqbhrloswnre/Build/Products/Debug-iphoneos/PackageFrameworks -F /Users/alanglass/Library/Developer/Xcode/DerivedData/LearnCI-gbqlyaxdnynhtcdzrqbhrloswnre/Build/Products/Debug-iphoneos/PackageFrameworks -F /Users/alanglass/Library/Developer/Xcode/DerivedData/LearnCI-gbqlyaxdnynhtcdzrqbhrloswnre/Build/Products/Debug-iphoneos/PackageFrameworks -F /Users/alanglass/Library/Developer/Xcode/DerivedData/LearnCI-gbqlyaxdnynhtcdzrqbhrloswnre/Build/Products/Debug-iphoneos/PackageFrameworks -F /Users/alanglass/Library/Developer/Xcode/DerivedData/LearnCI-gbqlyaxdnynhtcdzrqbhrloswnre/Build/Products/Debug-iphoneos/PackageFrameworks -F /Users/alanglass/Library/Developer/Xcode/DerivedData/LearnCI-gbqlyaxdnynhtcdzrqbhrloswnre/Build/Products/Debug-iphoneos/PackageFrameworks -F /Users/alanglass/Library/Developer/Xcode/DerivedData/LearnCI-gbqlyaxdnynhtcdzrqbhrloswnre/Build/Products/Debug-iphoneos/PackageFrameworks -F /Users/alanglass/Library/Developer/Xcode/DerivedData/LearnCI-gbqlyaxdnynhtcdzrqbhrloswnre/Build/Products/Debug-iphoneos/PackageFrameworks -F /Users/alanglass/Library/Developer/Xcode/DerivedData/LearnCI-gbqlyaxdnynhtcdzrqbhrloswnre/Build/Products/Debug-iphoneos/PackageFrameworks -F /Users/alanglass/Library/Developer/Xcode/DerivedData/LearnCI-gbqlyaxdnynhtcdzrqbhrloswnre/Build/Products/Debug-iphoneos/PackageFrameworks -F /Users/alanglass/Library/Developer/Xcode/DerivedData/LearnCI-gbqlyaxdnynhtcdzrqbhrloswnre/Build/Products/Debug-iphoneos/PackageFrameworks -F /Users/alanglass/Library/Developer/Xcode/DerivedData/LearnCI-gbqlyaxdnynhtcdzrqbhrloswnre/Build/Products/Debug-iphoneos/PackageFrameworks -F /Users/alanglass/Library/Developer/Xcode/DerivedData/LearnCI-gbqlyaxdnynhtcdzrqbhrloswnre/Build/Products/Debug-iphoneos/PackageFrameworks -F /Users/alanglass/Library/Developer/Xcode/DerivedData/LearnCI-gbqlyaxdnynhtcdzrqbhrloswnre/Build/Products/Debug-iphoneos/PackageFrameworks -F /Users/alanglass/Library/Developer/Xcode/DerivedData/LearnCI-gbqlyaxdnynhtcdzrqbhrloswnre/Build/Products/Debug-iphoneos/PackageFrameworks -F /Users/alanglass/Library/Developer/Xcode/DerivedData/LearnCI-gbqlyaxdnynhtcdzrqbhrloswnre/Build/Products/Debug-iphoneos/PackageFrameworks -F /Users/alanglass/Library/Developer/Xcode/DerivedData/LearnCI-gbqlyaxdnynhtcdzrqbhrloswnre/Build/Products/Debug-iphoneos/PackageFrameworks -F /Users/alanglass/Library/Developer/Xcode/DerivedData/LearnCI-gbqlyaxdnynhtcdzrqbhrloswnre/Build/Products/Debug-iphoneos/PackageFrameworks -F /Users/alanglass/Library/Developer/Xcode/DerivedData/LearnCI-gbqlyaxdnynhtcdzrqbhrloswnre/Build/Products/Debug-iphoneos/PackageFrameworks -F /Users/alanglass/Library/Developer/Xcode/DerivedData/LearnCI-gbqlyaxdnynhtcdzrqbhrloswnre/Build/Products/Debug-iphoneos/PackageFrameworks -F /Users/alanglass/Library/Developer/Xcode/DerivedData/LearnCI-gbqlyaxdnynhtcdzrqbhrloswnre/Build/Products/Debug-iphoneos -emit-localized-strings -emit-localized-strings-path /Users/alanglass/Library/Developer/Xcode/DerivedData/LearnCI-gbqlyaxdnynhtcdzrqbhrloswnre/Build/Intermediates.noindex/LearnCI.build/Debug-iphoneos/LearnCI.build/Objects-normal/arm64 -c -j16 -enable-batch-mode -incremental -Xcc -ivfsstatcache -Xcc /Users/alanglass/Library/Developer/Xcode/DerivedData/SDKStatCaches.noindex/iphoneos26.2-23C53-3794476bd08197c3e2abd9bb477ef7f7.sdkstatcache -output-file-map /Users/alanglass/Library/Developer/Xcode/DerivedData/LearnCI-gbqlyaxdnynhtcdzrqbhrloswnre/Build/Intermediates.noindex/LearnCI.build/Debug-iphoneos/LearnCI.build/Objects-normal/arm64/LearnCI-OutputFileMap.json -use-frontend-parseable-output -save-temps -no-color-diagnostics -explicit-module-build -module-cache-path /Users/alanglass/Library/Developer/Xcode/DerivedData/LearnCI-gbqlyaxdnynhtcdzrqbhrloswnre/Build/Intermediates.noindex/SwiftExplicitPrecompiledModules -clang-scanner-module-cache-path /Users/alanglass/Library/Developer/Xcode/DerivedData/ModuleCache.noindex -sdk-module-cache-path /Users/alanglass/Library/Developer/Xcode/DerivedData/ModuleCache.noindex -serialize-diagnostics -emit-dependencies -emit-module -emit-module-path /Users/alanglass/Library/Developer/Xcode/DerivedData/LearnCI-gbqlyaxdnynhtcdzrqbhrloswnre/Build/Intermediates.noindex/LearnCI.build/Debug-iphoneos/LearnCI.build/Objects-normal/arm64/LearnCI.swiftmodule -validate-clang-modules-once -clang-build-session-file /Users/alanglass/Library/Developer/Xcode/DerivedData/ModuleCache.noindex/Session.modulevalidation -Xcc -I/Users/alanglass/Library/Developer/Xcode/DerivedData/LearnCI-gbqlyaxdnynhtcdzrqbhrloswnre/Build/Intermediates.noindex/LearnCI.build/Debug-iphoneos/LearnCI.build/swift-overrides.hmap -emit-const-values -Xfrontend -const-gather-protocols-file -Xfrontend /Users/alanglass/Library/Developer/Xcode/DerivedData/LearnCI-gbqlyaxdnynhtcdzrqbhrloswnre/Build/Intermediates.noindex/LearnCI.build/Debug-iphoneos/LearnCI.build/Objects-normal/arm64/LearnCI_const_extract_protocols.json -Xcc -iquote -Xcc /Users/alanglass/Library/Developer/Xcode/DerivedData/LearnCI-gbqlyaxdnynhtcdzrqbhrloswnre/Build/Intermediates.noindex/LearnCI.build/Debug-iphoneos/LearnCI.build/LearnCI-generated-files.hmap -Xcc -I/Users/alanglass/Library/Developer/Xcode/DerivedData/LearnCI-gbqlyaxdnynhtcdzrqbhrloswnre/Build/Intermediates.noindex/LearnCI.build/Debug-iphoneos/LearnCI.build/LearnCI-own-target-headers.hmap -Xcc -I/Users/alanglass/Library/Developer/Xcode/DerivedData/LearnCI-gbqlyaxdnynhtcdzrqbhrloswnre/Build/Intermediates.noindex/LearnCI.build/Debug-iphoneos/LearnCI.build/LearnCI-all-non-framework-target-headers.hmap -Xcc -ivfsoverlay -Xcc /Users/alanglass/Library/Developer/Xcode/DerivedData/LearnCI-gbqlyaxdnynhtcdzrqbhrloswnre/Build/Intermediates.noindex/LearnCI.build/Debug-iphoneos/LearnCI-f8d7e2dee341ad7636bc3de77bb759f2-VFS-iphoneos/all-product-headers.yaml -Xcc -iquote -Xcc /Users/alanglass/Library/Developer/Xcode/DerivedData/LearnCI-gbqlyaxdnynhtcdzrqbhrloswnre/Build/Intermediates.noindex/LearnCI.build/Debug-iphoneos/LearnCI.build/LearnCI-project-headers.hmap -Xcc -I/Users/alanglass/Library/Developer/Xcode/DerivedData/LearnCI-gbqlyaxdnynhtcdzrqbhrloswnre/SourcePackages/checkouts/AppAuth-iOS/Sources/AppAuth -Xcc -I/Users/alanglass/Library/Developer/Xcode/DerivedData/LearnCI-gbqlyaxdnynhtcdzrqbhrloswnre/SourcePackages/checkouts/AppAuth-iOS/Sources/AppAuthCore -Xcc -I/Users/alanglass/Library/Developer/Xcode/DerivedData/LearnCI-gbqlyaxdnynhtcdzrqbhrloswnre/SourcePackages/checkouts/promises/Sources/FBLPromises/include -Xcc -I/Users/alanglass/Library/Developer/Xcode/DerivedData/LearnCI-gbqlyaxdnynhtcdzrqbhrloswnre/SourcePackages/checkouts/GoogleUtilities/GoogleUtilities/Logger/Public -Xcc -I/Users/alanglass/Library/Developer/Xcode/DerivedData/LearnCI-gbqlyaxdnynhtcdzrqbhrloswnre/SourcePackages/checkouts/GoogleUtilities/GoogleUtilities/Environment/Public -Xcc -I/Users/alanglass/Library/Developer/Xcode/DerivedData/LearnCI-gbqlyaxdnynhtcdzrqbhrloswnre/SourcePackages/checkouts/GoogleUtilities/third_party/IsAppEncrypted/Public -Xcc -I/Users/alanglass/Library/Developer/Xcode/DerivedData/LearnCI-gbqlyaxdnynhtcdzrqbhrloswnre/SourcePackages/checkouts/GoogleUtilities/GoogleUtilities/UserDefaults/Public -Xcc -I/Users/alanglass/Library/Developer/Xcode/DerivedData/LearnCI-gbqlyaxdnynhtcdzrqbhrloswnre/SourcePackages/checkouts/app-check/AppCheckCore/Sources/Public -Xcc -I/Users/alanglass/Library/Developer/Xcode/DerivedData/LearnCI-gbqlyaxdnynhtcdzrqbhrloswnre/SourcePackages/checkouts/gtm-session-fetcher/Sources/Core/Public -Xcc -I/Users/alanglass/Library/Developer/Xcode/DerivedData/LearnCI-gbqlyaxdnynhtcdzrqbhrloswnre/SourcePackages/checkouts/GoogleSignIn-iOS/GoogleSignIn/Sources/Public -Xcc -I/Users/alanglass/Library/Developer/Xcode/DerivedData/LearnCI-gbqlyaxdnynhtcdzrqbhrloswnre/Build/Products/Debug-iphoneos/include -Xcc -I/Users/alanglass/Library/Developer/Xcode/DerivedData/LearnCI-gbqlyaxdnynhtcdzrqbhrloswnre/Build/Intermediates.noindex/LearnCI.build/Debug-iphoneos/LearnCI.build/DerivedSources-normal/arm64 -Xcc -I/Users/alanglass/Library/Developer/Xcode/DerivedData/LearnCI-gbqlyaxdnynhtcdzrqbhrloswnre/Build/Intermediates.noindex/LearnCI.build/Debug-iphoneos/LearnCI.build/DerivedSources/arm64 -Xcc -I/Users/alanglass/Library/Developer/Xcode/DerivedData/LearnCI-gbqlyaxdnynhtcdzrqbhrloswnre/Build/Intermediates.noindex/LearnCI.build/Debug-iphoneos/LearnCI.build/DerivedSources -Xcc -DDEBUG\=1 -emit-objc-header -emit-objc-header-path /Users/alanglass/Library/Developer/Xcode/DerivedData/LearnCI-gbqlyaxdnynhtcdzrqbhrloswnre/Build/Intermediates.noindex/LearnCI.build/Debug-iphoneos/LearnCI.build/Objects-normal/arm64/LearnCI-Swift.h -working-directory /Users/alanglass/_dev_local/Learn\ Comp\ Input/LearnCI -experimental-emit-module-separately -disable-cmo

ProcessInfoPlistFile /Users/alanglass/Library/Developer/Xcode/DerivedData/LearnCI-gbqlyaxdnynhtcdzrqbhrloswnre/Build/Products/Debug-iphoneos/LearnCI.app/Info.plist /Users/alanglass/_dev_local/Learn\ Comp\ Input/LearnCI/LearnCI/Info.plist (in target 'LearnCI' from project 'LearnCI')
    cd /Users/alanglass/_dev_local/Learn\ Comp\ Input/LearnCI
    builtin-infoPlistUtility /Users/alanglass/_dev_local/Learn\ Comp\ Input/LearnCI/LearnCI/Info.plist -producttype com.apple.product-type.application -genpkginfo /Users/alanglass/Library/Developer/Xcode/DerivedData/LearnCI-gbqlyaxdnynhtcdzrqbhrloswnre/Build/Products/Debug-iphoneos/LearnCI.app/PkgInfo -expandbuildsettings -format binary -platform iphoneos -additionalcontentfile /Users/alanglass/Library/Developer/Xcode/DerivedData/LearnCI-gbqlyaxdnynhtcdzrqbhrloswnre/Build/Intermediates.noindex/LearnCI.build/Debug-iphoneos/LearnCI.build/assetcatalog_generated_info.plist -scanforprivacyfile /Users/alanglass/Library/Developer/Xcode/DerivedData/LearnCI-gbqlyaxdnynhtcdzrqbhrloswnre/Build/Products/Debug-iphoneos/LearnCI.app/AppAuth_AppAuth.bundle -scanforprivacyfile /Users/alanglass/Library/Developer/Xcode/DerivedData/LearnCI-gbqlyaxdnynhtcdzrqbhrloswnre/Build/Products/Debug-iphoneos/LearnCI.app/AppAuth_AppAuthCore.bundle -scanforprivacyfile /Users/alanglass/Library/Developer/Xcode/DerivedData/LearnCI-gbqlyaxdnynhtcdzrqbhrloswnre/Build/Products/Debug-iphoneos/LearnCI.app/GTMAppAuth_GTMAppAuth.bundle -scanforprivacyfile /Users/alanglass/Library/Developer/Xcode/DerivedData/LearnCI-gbqlyaxdnynhtcdzrqbhrloswnre/Build/Products/Debug-iphoneos/LearnCI.app/GTMSessionFetcher_GTMSessionFetcherCore.bundle -scanforprivacyfile /Users/alanglass/Library/Developer/Xcode/DerivedData/LearnCI-gbqlyaxdnynhtcdzrqbhrloswnre/Build/Products/Debug-iphoneos/LearnCI.app/GoogleSignIn_GoogleSignIn.bundle -scanforprivacyfile /Users/alanglass/Library/Developer/Xcode/DerivedData/LearnCI-gbqlyaxdnynhtcdzrqbhrloswnre/Build/Products/Debug-iphoneos/LearnCI.app/GoogleSignIn_GoogleSignInSwift.bundle -scanforprivacyfile /Users/alanglass/Library/Developer/Xcode/DerivedData/LearnCI-gbqlyaxdnynhtcdzrqbhrloswnre/Build/Products/Debug-iphoneos/LearnCI.app/GoogleUtilities_GoogleUtilities-Environment.bundle -scanforprivacyfile /Users/alanglass/Library/Developer/Xcode/DerivedData/LearnCI-gbqlyaxdnynhtcdzrqbhrloswnre/Build/Products/Debug-iphoneos/LearnCI.app/GoogleUtilities_GoogleUtilities-Logger.bundle -scanforprivacyfile /Users/alanglass/Library/Developer/Xcode/DerivedData/LearnCI-gbqlyaxdnynhtcdzrqbhrloswnre/Build/Products/Debug-iphoneos/LearnCI.app/GoogleUtilities_GoogleUtilities-UserDefaults.bundle -scanforprivacyfile /Users/alanglass/Library/Developer/Xcode/DerivedData/LearnCI-gbqlyaxdnynhtcdzrqbhrloswnre/Build/Products/Debug-iphoneos/LearnCI.app/Promises_FBLPromises.bundle -scanforprivacyfile /Users/alanglass/Library/Developer/Xcode/DerivedData/LearnCI-gbqlyaxdnynhtcdzrqbhrloswnre/Build/Products/Debug-iphoneos/LearnCI.app/swift-crypto_Crypto.bundle -requiredArchitecture arm64 -o /Users/alanglass/Library/Developer/Xcode/DerivedData/LearnCI-gbqlyaxdnynhtcdzrqbhrloswnre/Build/Products/Debug-iphoneos/LearnCI.app/Info.plist

SwiftCompile normal arm64 Compiling\ LinkerGameViewModel.swift /Users/alanglass/_dev_local/Learn\ Comp\ Input/LearnCI/LearnCI/ViewModels/LinkerGameViewModel.swift (in target 'LearnCI' from project 'LearnCI')

SwiftCompile normal arm64 /Users/alanglass/_dev_local/Learn\ Comp\ Input/LearnCI/LearnCI/ViewModels/LinkerGameViewModel.swift (in target 'LearnCI' from project 'LearnCI')
    cd /Users/alanglass/_dev_local/Learn\ Comp\ Input/LearnCI
    

SwiftCompile normal arm64 Compiling\ ActiveSessionView.swift /Users/alanglass/_dev_local/Learn\ Comp\ Input/LearnCI/LearnCI/Views/Components/ActiveSessionView.swift (in target 'LearnCI' from project 'LearnCI')
SwiftCompile normal arm64 /Users/alanglass/_dev_local/Learn\ Comp\ Input/LearnCI/LearnCI/Views/Components/ActiveSessionView.swift (in target 'LearnCI' from project 'LearnCI')
    cd /Users/alanglass/_dev_local/Learn\ Comp\ Input/LearnCI
    

SwiftEmitModule normal arm64 Emitting\ module\ for\ LearnCI (in target 'LearnCI' from project 'LearnCI')

EmitSwiftModule normal arm64 (in target 'LearnCI' from project 'LearnCI')
    cd /Users/alanglass/_dev_local/Learn\ Comp\ Input/LearnCI
    

SwiftCompile normal arm64 Compiling\ MultipleChoiceGameView.swift /Users/alanglass/_dev_local/Learn\ Comp\ Input/LearnCI/LearnCI/Views/Games/MultipleChoiceGameView.swift (in target 'LearnCI' from project 'LearnCI')

SwiftCompile normal arm64 /Users/alanglass/_dev_local/Learn\ Comp\ Input/LearnCI/LearnCI/Views/Games/MultipleChoiceGameView.swift (in target 'LearnCI' from project 'LearnCI')
    cd /Users/alanglass/_dev_local/Learn\ Comp\ Input/LearnCI
    

SwiftCompile normal arm64 Compiling\ LinkerGameView.swift /Users/alanglass/_dev_local/Learn\ Comp\ Input/LearnCI/LearnCI/Views/Games/LinkerGameView.swift (in target 'LearnCI' from project 'LearnCI')
Failed frontend command:
/Applications/Xcode.app/Contents/Developer/Toolchains/XcodeDefault.xctoolchain/usr/bin/swift-frontend -frontend -c /Users/alanglass/_dev_local/Learn\ Comp\ Input/LearnCI/LearnCI/Controllers/SessionController.swift /Users/alanglass/_dev_local/Learn\ Comp\ Input/LearnCI/LearnCI/Managers/AudioManager.swift /Users/alanglass/_dev_local/Learn\ Comp\ Input/LearnCI/LearnCI/Managers/AuthManager.swift /Users/alanglass/_dev_local/Learn\ Comp\ Input/LearnCI/LearnCI/Managers/ClozeManager.swift /Users/alanglass/_dev_local/Learn\ Comp\ Input/LearnCI/LearnCI/Managers/DataManager.swift /Users/alanglass/_dev_local/Learn\ Comp\ Input/LearnCI/LearnCI/Managers/FavoritesManager.swift /Users/alanglass/_dev_local/Learn\ Comp\ Input/LearnCI/LearnCI/Managers/GameConfiguration.swift /Users/alanglass/_dev_local/Learn\ Comp\ Input/LearnCI/LearnCI/Managers/LevelManager.swift /Users/alanglass/_dev_local/Learn\ Comp\ Input/LearnCI/LearnCI/Managers/LocationManager.swift /Users/alanglass/_dev_local/Learn\ Comp\ Input/LearnCI/LearnCI/Managers/Logger.swift /Users/alanglass/_dev_local/Learn\ Comp\ Input/LearnCI/LearnCI/Managers/MultipleChoiceManager.swift /Users/alanglass/_dev_local/Learn\ Comp\ Input/LearnCI/LearnCI/Managers/OpenAIService.swift /Users/alanglass/_dev_local/Learn\ Comp\ Input/LearnCI/LearnCI/Managers/ResourceManager.swift /Users/alanglass/_dev_local/Learn\ Comp\ Input/LearnCI/LearnCI/Managers/SmartSessionManager.swift /Users/alanglass/_dev_local/Learn\ Comp\ Input/LearnCI/LearnCI/Managers/SoundManager.swift /Users/alanglass/_dev_local/Learn\ Comp\ Input/LearnCI/LearnCI/Managers/StoryManager.swift /Users/alanglass/_dev_local/Learn\ Comp\ Input/LearnCI/LearnCI/Managers/SyncManager.swift /Users/alanglass/_dev_local/Learn\ Comp\ Input/LearnCI/LearnCI/Managers/WebScanManager.swift /Users/alanglass/_dev_local/Learn\ Comp\ Input/LearnCI/LearnCI/Managers/YouTubeManager.swift /Users/alanglass/_dev_local/Learn\ Comp\ Input/LearnCI/LearnCI/Models/CoachingModels.swift /Users/alanglass/_dev_local/Learn\ Comp\ Input/LearnCI/LearnCI/Models/Favorite.swift /Users/alanglass/_dev_local/Learn\ Comp\ Input/LearnCI/LearnCI/Models/LearningCard.swift /Users/alanglass/_dev_local/Learn\ Comp\ Input/LearnCI/LearnCI/Models/LearningResource.swift /Users/alanglass/_dev_local/Learn\ Comp\ Input/LearnCI/LearnCI/Models/Story.swift /Users/alanglass/_dev_local/Learn\ Comp\ Input/LearnCI/LearnCI/Models/StoryPreferences.swift /Users/alanglass/_dev_local/Learn\ Comp\ Input/LearnCI/LearnCI/Models/UserActivity.swift /Users/alanglass/_dev_local/Learn\ Comp\ Input/LearnCI/LearnCI/Models/UserProfile.swift /Users/alanglass/_dev_local/Learn\ Comp\ Input/LearnCI/LearnCI/Models/YouTubeVideo.swift /Users/alanglass/_dev_local/Learn\ Comp\ Input/LearnCI/LearnCI/ViewModels/LinkerGameViewModel.swift /Users/alanglass/_dev_local/Learn\ Comp\ Input/LearnCI/LearnCI/ViewModels/MemoryGameViewModel.swift /Users/alanglass/_dev_local/Learn\ Comp\ Input/LearnCI/LearnCI/Views/Components/ActiveCardStack.swift /Users/alanglass/_dev_local/Learn\ Comp\ Input/LearnCI/LearnCI/Views/Components/ActiveSessionView.swift /Users/alanglass/_dev_local/Learn\ Comp\ Input/LearnCI/LearnCI/Views/Components/CardVideoPlayer.swift /Users/alanglass/_dev_local/Learn\ Comp\ Input/LearnCI/LearnCI/Views/Components/ChannelDetailView.swift /Users/alanglass/_dev_local/Learn\ Comp\ Input/LearnCI/LearnCI/Views/Components/CoachingCheckInEditSheet.swift /Users/alanglass/_dev_local/Learn\ Comp\ Input/LearnCI/LearnCI/Views/Components/DailyFeedbackEditSheet.swift /Users/alanglass/_dev_local/Learn\ Comp\ Input/LearnCI/LearnCI/Views/Components/DeckSelectionRow.swift /Users/alanglass/_dev_local/Learn\ Comp\ Input/LearnCI/LearnCI/Views/Components/DeckSelectionSheet.swift /Users/alanglass/_dev_local/Learn\ Comp\ Input/LearnCI/LearnCI/Views/Components/DisplayConfigurationSheet.swift /Users/alanglass/_dev_local/Learn\ Comp\ Input/LearnCI/LearnCI/Views/Components/DisplayConfigurationSummaryView.swift /Users/alanglass/_dev_local/Learn\ Comp\ Input/LearnCI/LearnCI/Views/Components/FavoriteButton.swift /Users/alanglass/_dev_local/Learn\ Comp\ Input/LearnCI/LearnCI/Views/Components/FlashcardConfigView.swift /Users/alanglass/_dev_local/Learn\ Comp\ Input/LearnCI/LearnCI/Views/Components/FlashcardLayoutSelector.swift /Users/alanglass/_dev_local/Learn\ Comp\ Input/LearnCI/LearnCI/Views/Components/GameConfigurationView.swift /Users/alanglass/_dev_local/Learn\ Comp\ Input/LearnCI/LearnCI/Views/Components/GameSpecificConfigRouter.swift /Users/alanglass/_dev_local/Learn\ Comp\ Input/LearnCI/LearnCI/Views/Components/InAppBrowserView.swift /Users/alanglass/_dev_local/Learn\ Comp\ Input/LearnCI/LearnCI/Views/Components/LayoutCardView.swift /Users/alanglass/_dev_local/Learn\ Comp\ Input/LearnCI/LearnCI/Views/Components/LearningCardBackView.swift /Users/alanglass/_dev_local/Learn\ Comp\ Input/LearnCI/LearnCI/Views/Components/LearningCardFrontView.swift /Users/alanglass/_dev_local/Learn\ Comp\ Input/LearnCI/LearnCI/Views/Components/LinkerConfigView.swift /Users/alanglass/_dev_local/Learn\ Comp\ Input/LearnCI/LearnCI/Views/Components/LoadingView.swift /Users/alanglass/_dev_local/Learn\ Comp\ Input/LearnCI/LearnCI/Views/Components/LogWatchTimeSheet.swift /Users/alanglass/_dev_local/Learn\ Comp\ Input/LearnCI/LearnCI/Views/Components/MemoryConfigView.swift /Users/alanglass/_dev_local/Learn\ Comp\ Input/LearnCI/LearnCI/Views/Components/MemoryMatchModeSelector.swift /Users/alanglass/_dev_local/Learn\ Comp\ Input/LearnCI/LearnCI/Views/Components/PlaceholderConfigView.swift /Users/alanglass/_dev_local/Learn\ Comp\ Input/LearnCI/LearnCI/Views/Components/PreGameSummaryView.swift /Users/alanglass/_dev_local/Learn\ Comp\ Input/LearnCI/LearnCI/Views/Components/SessionFinishView.swift /Users/alanglass/_dev_local/Learn\ Comp\ Input/LearnCI/LearnCI/Views/Components/SessionOptionsSheet.swift /Users/alanglass/_dev_local/Learn\ Comp\ Input/LearnCI/LearnCI/Views/Components/SessionOptionsView.swift /Users/alanglass/_dev_local/Learn\ Comp\ Input/LearnCI/LearnCI/Views/Components/SessionSummaryView.swift /Users/alanglass/_dev_local/Learn\ Comp\ Input/LearnCI/LearnCI/Views/Components/StudyLinksView.swift /Users/alanglass/_dev_local/Learn\ Comp\ Input/LearnCI/LearnCI/Views/Components/TagSelectionSheet.swift /Users/alanglass/_dev_local/Learn\ Comp\ Input/LearnCI/LearnCI/Views/Components/UserHeader.swift /Users/alanglass/_dev_local/Learn\ Comp\ Input/LearnCI/LearnCI/Views/Components/VideoCard.swift /Users/alanglass/_dev_local/Learn\ Comp\ Input/LearnCI/LearnCI/Views/Components/VideoDetailSheet.swift /Users/alanglass/_dev_local/Learn\ Comp\ Input/LearnCI/LearnCI/Views/Components/VideoGridView.swift /Users/alanglass/_dev_local/Learn\ Comp\ Input/LearnCI/LearnCI/Views/Components/YouTubePlayerView.swift /Users/alanglass/_dev_local/Learn\ Comp\ Input/LearnCI/LearnCI/Views/Discovery/InputDiscoveryView.swift /Users/alanglass/_dev_local/Learn\ Comp\ Input/LearnCI/LearnCI/Views/Games/AudioClozeGameView.swift /Users/alanglass/_dev_local/Learn\ Comp\ Input/LearnCI/LearnCI/Views/Games/FlashcardGameView.swift -primary-file /Users/alanglass/_dev_local/Learn\ Comp\ Input/LearnCI/LearnCI/Views/Games/LinkerGameView.swift /Users/alanglass/_dev_local/Learn\ Comp\ Input/LearnCI/LearnCI/Views/Games/MemoryGameView.swift /Users/alanglass/_dev_local/Learn\ Comp\ Input/LearnCI/LearnCI/Views/Games/MultipleChoiceGameView.swift /Users/alanglass/_dev_local/Learn\ Comp\ Input/LearnCI/LearnCI/Views/Games/StoryGeneratorView.swift /Users/alanglass/_dev_local/Learn\ Comp\ Input/LearnCI/LearnCI/Views/Games/StoryListView.swift /Users/alanglass/_dev_local/Learn\ Comp\ Input/LearnCI/LearnCI/Views/Games/StorySessionView.swift /Users/alanglass/_dev_local/Learn\ Comp\ Input/LearnCI/LearnCI/Views/Profile/ProfileAccountSettingsView.swift /Users/alanglass/_dev_local/Learn\ Comp\ Input/LearnCI/LearnCI/Views/Profile/ProfileAISettingsView.swift /Users/alanglass/_dev_local/Learn\ Comp\ Input/LearnCI/LearnCI/Views/Profile/ProfileAudioSettingsView.swift /Users/alanglass/_dev_local/Learn\ Comp\ Input/LearnCI/LearnCI/Views/Profile/ProfileConnectionsView.swift /Users/alanglass/_dev_local/Learn\ Comp\ Input/LearnCI/LearnCI/Views/Profile/ProfileGameSettingsView.swift /Users/alanglass/_dev_local/Learn\ Comp\ Input/LearnCI/LearnCI/Views/Profile/ProfileLanguageSettingsView.swift /Users/alanglass/_dev_local/Learn\ Comp\ Input/LearnCI/LearnCI/Views/Resources/AddResourceSheet.swift /Users/alanglass/_dev_local/Learn\ Comp\ Input/LearnCI/LearnCI/Views/Resources/ResourceDetailView.swift /Users/alanglass/_dev_local/Learn\ Comp\ Input/LearnCI/LearnCI/Views/Resources/ResourceLibraryView.swift /Users/alanglass/_dev_local/Learn\ Comp\ Input/LearnCI/LearnCI/Views/ActivityBreakdownChart.swift /Users/alanglass/_dev_local/Learn\ Comp\ Input/LearnCI/LearnCI/Views/AddActivityView.swift /Users/alanglass/_dev_local/Learn\ Comp\ Input/LearnCI/LearnCI/Views/AuthView.swift /Users/alanglass/_dev_local/Learn\ Comp\ Input/LearnCI/LearnCI/Views/ChangePasswordSheet.swift /Users/alanglass/_dev_local/Learn\ Comp\ Input/LearnCI/LearnCI/Views/CoachingCheckInView.swift /Users/alanglass/_dev_local/Learn\ Comp\ Input/LearnCI/LearnCI/Views/CoachingHistoryView.swift /Users/alanglass/_dev_local/Learn\ Comp\ Input/LearnCI/LearnCI/Views/DashboardView.swift /Users/alanglass/_dev_local/Learn\ Comp\ Input/LearnCI/LearnCI/Views/EditActivityView.swift /Users/alanglass/_dev_local/Learn\ Comp\ Input/LearnCI/LearnCI/Views/FavoritesView.swift /Users/alanglass/_dev_local/Learn\ Comp\ Input/LearnCI/LearnCI/Views/ForgotPasswordSheet.swift /Users/alanglass/_dev_local/Learn\ Comp\ Input/LearnCI/LearnCI/Views/GameView.swift /Users/alanglass/_dev_local/Learn\ Comp\ Input/LearnCI/LearnCI/Views/HistoryView.swift /Users/alanglass/_dev_local/Learn\ Comp\ Input/LearnCI/LearnCI/Views/LeaderboardView.swift /Users/alanglass/_dev_local/Learn\ Comp\ Input/LearnCI/LearnCI/Views/MainTabView.swift /Users/alanglass/_dev_local/Learn\ Comp\ Input/LearnCI/LearnCI/Views/OTPVerificationView.swift /Users/alanglass/_dev_local/Learn\ Comp\ Input/LearnCI/LearnCI/Views/ProfileView.swift /Users/alanglass/_dev_local/Learn\ Comp\ Input/LearnCI/LearnCI/Views/SplashView.swift /Users/alanglass/_dev_local/Learn\ Comp\ Input/LearnCI/LearnCI/Views/TrackerView.swift /Users/alanglass/_dev_local/Learn\ Comp\ Input/LearnCI/LearnCI/Views/VideoView.swift /Users/alanglass/_dev_local/Learn\ Comp\ Input/LearnCI/LearnCI/Views/WebScanView.swift /Users/alanglass/_dev_local/Learn\ Comp\ Input/LearnCI/LearnCI/AppConfig.swift /Users/alanglass/_dev_local/Learn\ Comp\ Input/LearnCI/LearnCI/ContentView.swift /Users/alanglass/_dev_local/Learn\ Comp\ Input/LearnCI/LearnCI/LearnCIApp.swift /Users/alanglass/Library/Developer/Xcode/DerivedData/LearnCI-gbqlyaxdnynhtcdzrqbhrloswnre/Build/Intermediates.noindex/LearnCI.build/Debug-iphoneos/LearnCI.build/DerivedSources/GeneratedAssetSymbols.swift -emit-dependencies-path /Users/alanglass/Library/Developer/Xcode/DerivedData/LearnCI-gbqlyaxdnynhtcdzrqbhrloswnre/Build/Intermediates.noindex/LearnCI.build/Debug-iphoneos/LearnCI.build/Objects-normal/arm64/LinkerGameView.d -emit-const-values-path /Users/alanglass/Library/Developer/Xcode/DerivedData/LearnCI-gbqlyaxdnynhtcdzrqbhrloswnre/Build/Intermediates.noindex/LearnCI.build/Debug-iphoneos/LearnCI.build/Objects-normal/arm64/LinkerGameView.swiftconstvalues -emit-reference-dependencies-path /Users/alanglass/Library/Developer/Xcode/DerivedData/LearnCI-gbqlyaxdnynhtcdzrqbhrloswnre/Build/Intermediates.noindex/LearnCI.build/Debug-iphoneos/LearnCI.build/Objects-normal/arm64/LinkerGameView.swiftdeps -serialize-diagnostics-path /Users/alanglass/Library/Developer/Xcode/DerivedData/LearnCI-gbqlyaxdnynhtcdzrqbhrloswnre/Build/Intermediates.noindex/LearnCI.build/Debug-iphoneos/LearnCI.build/Objects-normal/arm64/LinkerGameView.dia -emit-localized-strings -emit-localized-strings-path /Users/alanglass/Library/Developer/Xcode/DerivedData/LearnCI-gbqlyaxdnynhtcdzrqbhrloswnre/Build/Intermediates.noindex/LearnCI.build/Debug-iphoneos/LearnCI.build/Objects-normal/arm64 -target arm64-apple-ios26.2 -module-can-import-version DeveloperToolsSupport 23.0.4 23.0.4 -module-can-import-version SwiftUI 7.2.5.1 7.2.5 -module-can-import-version UIKit 9126.2.4.1 9126.2.4 -disable-cross-import-overlay-search -swift-module-cross-import AVKit /Applications/Xcode.app/Contents/Developer/Platforms/iPhoneOS.platform/Developer/SDKs/iPhoneOS.sdk/System/Library/Frameworks/AVKit.framework/Modules/AVKit.swiftcrossimport/SwiftUI.swiftoverlay -swift-module-cross-import AVKit /Applications/Xcode.app/Contents/Developer/Platforms/iPhoneOS.platform/Developer/SDKs/iPhoneOS26.2.sdk/System/Library/Frameworks/AVKit.framework/Modules/AVKit.swiftcrossimport/SwiftUI.swiftoverlay -swift-module-cross-import MapKit /Applications/Xcode.app/Contents/Developer/Platforms/iPhoneOS.platform/Developer/SDKs/iPhoneOS.sdk/System/Library/Frameworks/MapKit.framework/Modules/MapKit.swiftcrossimport/SwiftUI.swiftoverlay -swift-module-cross-import SwiftData /Applications/Xcode.app/Contents/Developer/Platforms/iPhoneOS.platform/Developer/SDKs/iPhoneOS26.2.sdk/System/Library/Frameworks/SwiftData.framework/Modules/SwiftData.swiftcrossimport/CoreData.swiftoverlay -swift-module-cross-import SwiftData /Applications/Xcode.app/Contents/Developer/Platforms/iPhoneOS.platform/Developer/SDKs/iPhoneOS26.2.sdk/System/Library/Frameworks/SwiftData.framework/Modules/SwiftData.swiftcrossimport/SwiftUI.swiftoverlay -swift-module-cross-import WebKit /Applications/Xcode.app/Contents/Developer/Platforms/iPhoneOS.platform/Developer/SDKs/iPhoneOS.sdk/System/Cryptexes/OS/System/Library/Frameworks/WebKit.framework/Modules/WebKit.swiftcrossimport/SwiftUI.swiftoverlay -swift-module-cross-import WebKit /Applications/Xcode.app/Contents/Developer/Platforms/iPhoneOS.platform/Developer/SDKs/iPhoneOS26.2.sdk/System/Library/Frameworks/WebKit.framework/Modules/WebKit.swiftcrossimport/SwiftUI.swiftoverlay -load-resolved-plugin /Applications/Xcode.app/Contents/Developer/Platforms/iPhoneOS.platform/Developer/usr/lib/swift/host/plugins/libFoundationMacros.dylib\#/Applications/Xcode.app/Contents/Developer/Platforms/iPhoneOS.platform/Developer/usr/bin/swift-plugin-server\#FoundationMacros -load-resolved-plugin /Applications/Xcode.app/Contents/Developer/Platforms/iPhoneOS.platform/Developer/usr/lib/swift/host/plugins/libObservationMacros.dylib\#/Applications/Xcode.app/Contents/Developer/Platforms/iPhoneOS.platform/Developer/usr/bin/swift-plugin-server\#ObservationMacros -load-resolved-plugin /Applications/Xcode.app/Contents/Developer/Platforms/iPhoneOS.platform/Developer/usr/lib/swift/host/plugins/libPreviewsMacros.dylib\#/Applications/Xcode.app/Contents/Developer/Platforms/iPhoneOS.platform/Developer/usr/bin/swift-plugin-server\#PreviewsMacros -load-resolved-plugin /Applications/Xcode.app/Contents/Developer/Platforms/iPhoneOS.platform/Developer/usr/lib/swift/host/plugins/libSwiftDataMacros.dylib\#/Applications/Xcode.app/Contents/Developer/Platforms/iPhoneOS.platform/Developer/usr/bin/swift-plugin-server\#SwiftDataMacros -load-resolved-plugin /Applications/Xcode.app/Contents/Developer/Platforms/iPhoneOS.platform/Developer/usr/lib/swift/host/plugins/libSwiftMacros.dylib\#/Applications/Xcode.app/Contents/Developer/Platforms/iPhoneOS.platform/Developer/usr/bin/swift-plugin-server\#SwiftMacros -load-resolved-plugin /Applications/Xcode.app/Contents/Developer/Platforms/iPhoneOS.platform/Developer/usr/lib/swift/host/plugins/libSwiftUIMacros.dylib\#/Applications/Xcode.app/Contents/Developer/Platforms/iPhoneOS.platform/Developer/usr/bin/swift-plugin-server\#SwiftUIMacros -load-resolved-plugin /Applications/Xcode.app/Contents/Developer/Platforms/iPhoneOS.platform/Developer/usr/lib/swift/host/plugins/libTipKitMacros.dylib\#/Applications/Xcode.app/Contents/Developer/Platforms/iPhoneOS.platform/Developer/usr/bin/swift-plugin-server\#TipKitMacros -disable-implicit-swift-modules -Xcc -fno-implicit-modules -Xcc -fno-implicit-module-maps -explicit-swift-module-map-file /Users/alanglass/Library/Developer/Xcode/DerivedData/LearnCI-gbqlyaxdnynhtcdzrqbhrloswnre/Build/Intermediates.noindex/LearnCI.build/Debug-iphoneos/LearnCI.build/Objects-normal/arm64/LearnCI-dependencies-1.json -Xllvm -aarch64-use-tbi -enable-objc-interop -stack-check -sdk /Applications/Xcode.app/Contents/Developer/Platforms/iPhoneOS.platform/Developer/SDKs/iPhoneOS26.2.sdk -I /Users/alanglass/Library/Developer/Xcode/DerivedData/LearnCI-gbqlyaxdnynhtcdzrqbhrloswnre/Build/Products/Debug-iphoneos -F /Users/alanglass/Library/Developer/Xcode/DerivedData/LearnCI-gbqlyaxdnynhtcdzrqbhrloswnre/Build/Products/Debug-iphoneos/PackageFrameworks -F /Users/alanglass/Library/Developer/Xcode/DerivedData/LearnCI-gbqlyaxdnynhtcdzrqbhrloswnre/Build/Products/Debug-iphoneos/PackageFrameworks -F /Users/alanglass/Library/Developer/Xcode/DerivedData/LearnCI-gbqlyaxdnynhtcdzrqbhrloswnre/Build/Products/Debug-iphoneos/PackageFrameworks -F /Users/alanglass/Library/Developer/Xcode/DerivedData/LearnCI-gbqlyaxdnynhtcdzrqbhrloswnre/Build/Products/Debug-iphoneos/PackageFrameworks -F /Users/alanglass/Library/Developer/Xcode/DerivedData/LearnCI-gbqlyaxdnynhtcdzrqbhrloswnre/Build/Products/Debug-iphoneos/PackageFrameworks -F /Users/alanglass/Library/Developer/Xcode/DerivedData/LearnCI-gbqlyaxdnynhtcdzrqbhrloswnre/Build/Products/Debug-iphoneos/PackageFrameworks -F /Users/alanglass/Library/Developer/Xcode/DerivedData/LearnCI-gbqlyaxdnynhtcdzrqbhrloswnre/Build/Products/Debug-iphoneos/PackageFrameworks -F /Users/alanglass/Library/Developer/Xcode/DerivedData/LearnCI-gbqlyaxdnynhtcdzrqbhrloswnre/Build/Products/Debug-iphoneos/PackageFrameworks -F /Users/alanglass/Library/Developer/Xcode/DerivedData/LearnCI-gbqlyaxdnynhtcdzrqbhrloswnre/Build/Products/Debug-iphoneos/PackageFrameworks -F /Users/alanglass/Library/Developer/Xcode/DerivedData/LearnCI-gbqlyaxdnynhtcdzrqbhrloswnre/Build/Products/Debug-iphoneos/PackageFrameworks -F /Users/alanglass/Library/Developer/Xcode/DerivedData/LearnCI-gbqlyaxdnynhtcdzrqbhrloswnre/Build/Products/Debug-iphoneos/PackageFrameworks -F /Users/alanglass/Library/Developer/Xcode/DerivedData/LearnCI-gbqlyaxdnynhtcdzrqbhrloswnre/Build/Products/Debug-iphoneos/PackageFrameworks -F /Users/alanglass/Library/Developer/Xcode/DerivedData/LearnCI-gbqlyaxdnynhtcdzrqbhrloswnre/Build/Products/Debug-iphoneos/PackageFrameworks -F /Users/alanglass/Library/Developer/Xcode/DerivedData/LearnCI-gbqlyaxdnynhtcdzrqbhrloswnre/Build/Products/Debug-iphoneos/PackageFrameworks -F /Users/alanglass/Library/Developer/Xcode/DerivedData/LearnCI-gbqlyaxdnynhtcdzrqbhrloswnre/Build/Products/Debug-iphoneos/PackageFrameworks -F /Users/alanglass/Library/Developer/Xcode/DerivedData/LearnCI-gbqlyaxdnynhtcdzrqbhrloswnre/Build/Products/Debug-iphoneos/PackageFrameworks -F /Users/alanglass/Library/Developer/Xcode/DerivedData/LearnCI-gbqlyaxdnynhtcdzrqbhrloswnre/Build/Products/Debug-iphoneos/PackageFrameworks -F /Users/alanglass/Library/Developer/Xcode/DerivedData/LearnCI-gbqlyaxdnynhtcdzrqbhrloswnre/Build/Products/Debug-iphoneos/PackageFrameworks -F /Users/alanglass/Library/Developer/Xcode/DerivedData/LearnCI-gbqlyaxdnynhtcdzrqbhrloswnre/Build/Products/Debug-iphoneos/PackageFrameworks -F /Users/alanglass/Library/Developer/Xcode/DerivedData/LearnCI-gbqlyaxdnynhtcdzrqbhrloswnre/Build/Products/Debug-iphoneos/PackageFrameworks -F /Users/alanglass/Library/Developer/Xcode/DerivedData/LearnCI-gbqlyaxdnynhtcdzrqbhrloswnre/Build/Products/Debug-iphoneos/PackageFrameworks -F /Users/alanglass/Library/Developer/Xcode/DerivedData/LearnCI-gbqlyaxdnynhtcdzrqbhrloswnre/Build/Products/Debug-iphoneos/PackageFrameworks -F /Users/alanglass/Library/Developer/Xcode/DerivedData/LearnCI-gbqlyaxdnynhtcdzrqbhrloswnre/Build/Products/Debug-iphoneos/PackageFrameworks -F /Users/alanglass/Library/Developer/Xcode/DerivedData/LearnCI-gbqlyaxdnynhtcdzrqbhrloswnre/Build/Products/Debug-iphoneos/PackageFrameworks -F /Users/alanglass/Library/Developer/Xcode/DerivedData/LearnCI-gbqlyaxdnynhtcdzrqbhrloswnre/Build/Products/Debug-iphoneos/PackageFrameworks -F /Users/alanglass/Library/Developer/Xcode/DerivedData/LearnCI-gbqlyaxdnynhtcdzrqbhrloswnre/Build/Products/Debug-iphoneos/PackageFrameworks -F /Users/alanglass/Library/Developer/Xcode/DerivedData/LearnCI-gbqlyaxdnynhtcdzrqbhrloswnre/Build/Products/Debug-iphoneos -no-color-diagnostics -Xcc -fno-color-diagnostics -enable-testing -g -debug-info-format\=dwarf -dwarf-version\=5 -module-cache-path /Users/alanglass/Library/Developer/Xcode/DerivedData/LearnCI-gbqlyaxdnynhtcdzrqbhrloswnre/Build/Intermediates.noindex/SwiftExplicitPrecompiledModules -swift-version 5 -enforce-exclusivity\=checked -Onone -D DEBUG -serialize-debugging-options -const-gather-protocols-file /Users/alanglass/Library/Developer/Xcode/DerivedData/LearnCI-gbqlyaxdnynhtcdzrqbhrloswnre/Build/Intermediates.noindex/LearnCI.build/Debug-iphoneos/LearnCI.build/Objects-normal/arm64/LearnCI_const_extract_protocols.json -enable-upcoming-feature DisableOutwardActorInference -enable-upcoming-feature InferSendableFromCaptures -enable-upcoming-feature GlobalActorIsolatedTypesUsability -enable-upcoming-feature MemberImportVisibility -enable-upcoming-feature InferIsolatedConformances -enable-upcoming-feature NonisolatedNonsendingByDefault -enable-experimental-feature DebugDescriptionMacro -enable-bare-slash-regex -default-isolation\=MainActor -empty-abi-descriptor -validate-clang-modules-once -clang-build-session-file /Users/alanglass/Library/Developer/Xcode/DerivedData/ModuleCache.noindex/Session.modulevalidation -Xcc -working-directory -Xcc /Users/alanglass/_dev_local/Learn\ Comp\ Input/LearnCI -enable-anonymous-context-mangled-names -file-compilation-dir /Users/alanglass/_dev_local/Learn\ Comp\ Input/LearnCI -Xcc -fmodule-map-file\=/Users/alanglass/Library/Developer/Xcode/DerivedData/LearnCI-gbqlyaxdnynhtcdzrqbhrloswnre/Build/Intermediates.noindex/GeneratedModuleMaps-iphoneos/AppAuth.modulemap -Xcc -fmodule-map-file\=/Users/alanglass/Library/Developer/Xcode/DerivedData/LearnCI-gbqlyaxdnynhtcdzrqbhrloswnre/Build/Intermediates.noindex/GeneratedModuleMaps-iphoneos/AppAuthCore.modulemap -Xcc -fmodule-map-file\=/Users/alanglass/Library/Developer/Xcode/DerivedData/LearnCI-gbqlyaxdnynhtcdzrqbhrloswnre/Build/Intermediates.noindex/GeneratedModuleMaps-iphoneos/GoogleUtilities-Logger.modulemap -Xcc -fmodule-map-file\=/Users/alanglass/Library/Developer/Xcode/DerivedData/LearnCI-gbqlyaxdnynhtcdzrqbhrloswnre/Build/Intermediates.noindex/GeneratedModuleMaps-iphoneos/GoogleUtilities-Environment.modulemap -Xcc -fmodule-map-file\=/Users/alanglass/Library/Developer/Xcode/DerivedData/LearnCI-gbqlyaxdnynhtcdzrqbhrloswnre/Build/Intermediates.noindex/GeneratedModuleMaps-iphoneos/third-party-IsAppEncrypted.modulemap -Xcc -fmodule-map-file\=/Users/alanglass/Library/Developer/Xcode/DerivedData/LearnCI-gbqlyaxdnynhtcdzrqbhrloswnre/Build/Intermediates.noindex/GeneratedModuleMaps-iphoneos/GoogleUtilities-UserDefaults.modulemap -Xcc -fmodule-map-file\=/Users/alanglass/Library/Developer/Xcode/DerivedData/LearnCI-gbqlyaxdnynhtcdzrqbhrloswnre/Build/Intermediates.noindex/GeneratedModuleMaps-iphoneos/AppCheckCore.modulemap -Xcc -fmodule-map-file\=/Users/alanglass/Library/Developer/Xcode/DerivedData/LearnCI-gbqlyaxdnynhtcdzrqbhrloswnre/Build/Intermediates.noindex/GeneratedModuleMaps-iphoneos/GTMSessionFetcherCore.modulemap -Xcc -fmodule-map-file\=/Users/alanglass/Library/Developer/Xcode/DerivedData/LearnCI-gbqlyaxdnynhtcdzrqbhrloswnre/Build/Intermediates.noindex/GeneratedModuleMaps-iphoneos/GoogleSignIn.modulemap -Xcc -D_LIBCPP_HARDENING_MODE\=_LIBCPP_HARDENING_MODE_DEBUG -Xcc -ivfsstatcache -Xcc /Users/alanglass/Library/Developer/Xcode/DerivedData/SDKStatCaches.noindex/iphoneos26.2-23C53-3794476bd08197c3e2abd9bb477ef7f7.sdkstatcache -Xcc -I/Users/alanglass/Library/Developer/Xcode/DerivedData/LearnCI-gbqlyaxdnynhtcdzrqbhrloswnre/Build/Intermediates.noindex/LearnCI.build/Debug-iphoneos/LearnCI.build/swift-overrides.hmap -Xcc -iquote -Xcc /Users/alanglass/Library/Developer/Xcode/DerivedData/LearnCI-gbqlyaxdnynhtcdzrqbhrloswnre/Build/Intermediates.noindex/LearnCI.build/Debug-iphoneos/LearnCI.build/LearnCI-generated-files.hmap -Xcc -I/Users/alanglass/Library/Developer/Xcode/DerivedData/LearnCI-gbqlyaxdnynhtcdzrqbhrloswnre/Build/Intermediates.noindex/LearnCI.build/Debug-iphoneos/LearnCI.build/LearnCI-own-target-headers.hmap -Xcc -I/Users/alanglass/Library/Developer/Xcode/DerivedData/LearnCI-gbqlyaxdnynhtcdzrqbhrloswnre/Build/Intermediates.noindex/LearnCI.build/Debug-iphoneos/LearnCI.build/LearnCI-all-non-framework-target-headers.hmap -Xcc -ivfsoverlay -Xcc /Users/alanglass/Library/Developer/Xcode/DerivedData/LearnCI-gbqlyaxdnynhtcdzrqbhrloswnre/Build/Intermediates.noindex/LearnCI.build/Debug-iphoneos/LearnCI-f8d7e2dee341ad7636bc3de77bb759f2-VFS-iphoneos/all-product-headers.yaml -Xcc -iquote -Xcc /Users/alanglass/Library/Developer/Xcode/DerivedData/LearnCI-gbqlyaxdnynhtcdzrqbhrloswnre/Build/Intermediates.noindex/LearnCI.build/Debug-iphoneos/LearnCI.build/LearnCI-project-headers.hmap -Xcc -I/Users/alanglass/Library/Developer/Xcode/DerivedData/LearnCI-gbqlyaxdnynhtcdzrqbhrloswnre/SourcePackages/checkouts/AppAuth-iOS/Sources/AppAuth -Xcc -I/Users/alanglass/Library/Developer/Xcode/DerivedData/LearnCI-gbqlyaxdnynhtcdzrqbhrloswnre/SourcePackages/checkouts/AppAuth-iOS/Sources/AppAuthCore -Xcc -I/Users/alanglass/Library/Developer/Xcode/DerivedData/LearnCI-gbqlyaxdnynhtcdzrqbhrloswnre/SourcePackages/checkouts/promises/Sources/FBLPromises/include -Xcc -I/Users/alanglass/Library/Developer/Xcode/DerivedData/LearnCI-gbqlyaxdnynhtcdzrqbhrloswnre/SourcePackages/checkouts/GoogleUtilities/GoogleUtilities/Logger/Public -Xcc -I/Users/alanglass/Library/Developer/Xcode/DerivedData/LearnCI-gbqlyaxdnynhtcdzrqbhrloswnre/SourcePackages/checkouts/GoogleUtilities/GoogleUtilities/Environment/Public -Xcc -I/Users/alanglass/Library/Developer/Xcode/DerivedData/LearnCI-gbqlyaxdnynhtcdzrqbhrloswnre/SourcePackages/checkouts/GoogleUtilities/third_party/IsAppEncrypted/Public -Xcc -I/Users/alanglass/Library/Developer/Xcode/DerivedData/LearnCI-gbqlyaxdnynhtcdzrqbhrloswnre/SourcePackages/checkouts/GoogleUtilities/GoogleUtilities/UserDefaults/Public -Xcc -I/Users/alanglass/Library/Developer/Xcode/DerivedData/LearnCI-gbqlyaxdnynhtcdzrqbhrloswnre/SourcePackages/checkouts/app-check/AppCheckCore/Sources/Public -Xcc -I/Users/alanglass/Library/Developer/Xcode/DerivedData/LearnCI-gbqlyaxdnynhtcdzrqbhrloswnre/SourcePackages/checkouts/gtm-session-fetcher/Sources/Core/Public -Xcc -I/Users/alanglass/Library/Developer/Xcode/DerivedData/LearnCI-gbqlyaxdnynhtcdzrqbhrloswnre/SourcePackages/checkouts/GoogleSignIn-iOS/GoogleSignIn/Sources/Public -Xcc -I/Users/alanglass/Library/Developer/Xcode/DerivedData/LearnCI-gbqlyaxdnynhtcdzrqbhrloswnre/Build/Products/Debug-iphoneos/include -Xcc -I/Users/alanglass/Library/Developer/Xcode/DerivedData/LearnCI-gbqlyaxdnynhtcdzrqbhrloswnre/Build/Intermediates.noindex/LearnCI.build/Debug-iphoneos/LearnCI.build/DerivedSources-normal/arm64 -Xcc -I/Users/alanglass/Library/Developer/Xcode/DerivedData/LearnCI-gbqlyaxdnynhtcdzrqbhrloswnre/Build/Intermediates.noindex/LearnCI.build/Debug-iphoneos/LearnCI.build/DerivedSources/arm64 -Xcc -I/Users/alanglass/Library/Developer/Xcode/DerivedData/LearnCI-gbqlyaxdnynhtcdzrqbhrloswnre/Build/Intermediates.noindex/LearnCI.build/Debug-iphoneos/LearnCI.build/DerivedSources -Xcc -DDEBUG\=1 -no-auto-bridging-header-chaining -module-name LearnCI -frontend-parseable-output -disable-clang-spi -target-sdk-version 26.2 -target-sdk-name iphoneos26.2 -clang-target arm64-apple-ios26.2 -in-process-plugin-server-path /Applications/Xcode.app/Contents/Developer/Toolchains/XcodeDefault.xctoolchain/usr/lib/swift/host/libSwiftInProcPluginServer.dylib -o /Users/alanglass/Library/Developer/Xcode/DerivedData/LearnCI-gbqlyaxdnynhtcdzrqbhrloswnre/Build/Intermediates.noindex/LearnCI.build/Debug-iphoneos/LearnCI.build/Objects-normal/arm64/LinkerGameView.o -index-unit-output-path /LearnCI.build/Debug-iphoneos/LearnCI.build/Objects-normal/arm64/LinkerGameView.o -index-store-path /Users/alanglass/Library/Developer/Xcode/DerivedData/LearnCI-gbqlyaxdnynhtcdzrqbhrloswnre/Index.noindex/DataStore -index-system-modules

SwiftCompile normal arm64 /Users/alanglass/_dev_local/Learn\ Comp\ Input/LearnCI/LearnCI/Views/Games/LinkerGameView.swift (in target 'LearnCI' from project 'LearnCI')
    cd /Users/alanglass/_dev_local/Learn\ Comp\ Input/LearnCI
    
/Users/alanglass/_dev_local/Learn Comp Input/LearnCI/LearnCI/Views/Games/LinkerGameView.swift:31:17: error: initializer 'init(_:)' requires that 'Binding<Subject>' conform to 'StringProtocol'
                Text(viewModel.currentRound.title)
                ^
SwiftUI.Text.init:2:8: note: where 'S' = 'Binding<Subject>'
public init<S>(_ content: S) where S : StringProtocol}
       ^
/Users/alanglass/_dev_local/Learn Comp Input/LearnCI/LearnCI/Views/Games/LinkerGameView.swift:31:32: error: value of type 'LinkerGameViewModel' has no dynamic member 'currentRound' using key path from root type 'LinkerGameViewModel'
                Text(viewModel.currentRound.title)
                     ~~~~~~~~~ ^~~~~~~~~~~~
/Users/alanglass/_dev_local/Learn Comp Input/LearnCI/LearnCI/Views/Games/LinkerGameView.swift:31:22: error: referencing subscript 'subscript(dynamicMember:)' requires wrapper 'Binding<LinkerGameViewModel>'
                Text(viewModel.currentRound.title)
                     ^
                     $
/Users/alanglass/_dev_local/Learn Comp Input/LearnCI/LearnCI/Views/Games/LinkerGameView.swift:78:23: error: cannot call value of non-function type 'Binding<Subject>'
            viewModel.startRound()
                      ^         ~~
                                
/Users/alanglass/_dev_local/Learn Comp Input/LearnCI/LearnCI/Views/Games/LinkerGameView.swift:78:23: error: value of type 'LinkerGameViewModel' has no dynamic member 'startRound' using key path from root type 'LinkerGameViewModel'
            viewModel.startRound()
            ~~~~~~~~~ ^~~~~~~~~~
/Users/alanglass/_dev_local/Learn Comp Input/LearnCI/LearnCI/Views/Games/LinkerGameView.swift:78:13: error: referencing subscript 'subscript(dynamicMember:)' requires wrapper 'Binding<LinkerGameViewModel>'
            viewModel.startRound()
            ^
            $

SwiftCompile normal arm64 Compiling\ AudioClozeGameView.swift /Users/alanglass/_dev_local/Learn\ Comp\ Input/LearnCI/LearnCI/Views/Games/AudioClozeGameView.swift (in target 'LearnCI' from project 'LearnCI')

SwiftCompile normal arm64 /Users/alanglass/_dev_local/Learn\ Comp\ Input/LearnCI/LearnCI/Views/Games/AudioClozeGameView.swift (in target 'LearnCI' from project 'LearnCI')
    cd /Users/alanglass/_dev_local/Learn\ Comp\ Input/LearnCI
    

SwiftCompile normal arm64 Compiling\ GameView.swift /Users/alanglass/_dev_local/Learn\ Comp\ Input/LearnCI/LearnCI/Views/GameView.swift (in target 'LearnCI' from project 'LearnCI')

SwiftCompile normal arm64 /Users/alanglass/_dev_local/Learn\ Comp\ Input/LearnCI/LearnCI/Views/GameView.swift (in target 'LearnCI' from project 'LearnCI')
    cd /Users/alanglass/_dev_local/Learn\ Comp\ Input/LearnCI
    

** BUILD FAILED **


The following build commands failed:
	SwiftCompile normal arm64 Compiling\ LinkerGameView.swift /Users/alanglass/_dev_local/Learn\ Comp\ Input/LearnCI/LearnCI/Views/Games/LinkerGameView.swift (in target 'LearnCI' from project 'LearnCI')
	SwiftCompile normal arm64 /Users/alanglass/_dev_local/Learn\ Comp\ Input/LearnCI/LearnCI/Views/Games/LinkerGameView.swift (in target 'LearnCI' from project 'LearnCI')
	Building project LearnCI with scheme LearnCI
(3 failures)
